Microchip MPLAB XC8 Compiler V3.00

Linker command line:

-W-3 \
  --edf=C:\Program Files\Microchip\xc8\v3.00\pic\dat\20241204225717_en.msgs \
  -cn -h+dist/default/production\SerialAssignment.X.production.sym \
  --cmf=dist/default/production\SerialAssignment.X.production.cmf -z \
  -Q18F47K42 -oC:\Users\Jacob\AppData\Local\Temp\xcAs5k8.\driver_tmp_3.o \
  --defsym=__MPLAB_BUILD=1 --fixupoverflow=error \
  -Mdist/default/production/SerialAssignment.X.production.map \
  --md=C:\Users\Jacob\AppData\Local\Temp\xcAs5k8.\driver_tmp_0.dat -E1 \
  -ver=XC8 Compiler -ACODE=00h-01FFFFh -ACONST=00h-01FFFFh \
  -ASMALLCONST=02000h-020FFhx224,012000h-0120FFhx224 \
  -AMEDIUMCONST=02000h-0FFFFh,012000h-01FFFFh -ACOMRAM=01h-05Fh \
  -AABS1=00h-01FFFh -ABIGRAM=01h-01FFFh -ARAM=060h-0FFh,0100h-01FFhx31 \
  -ABANK0=060h-0FFh -ABANK1=0100h-01FFh -ABANK2=0200h-02FFh \
  -ABANK3=0300h-03FFh -ABANK4=0400h-04FFh -ABANK5=0500h-05FFh \
  -ABANK6=0600h-06FFh -ABANK7=0700h-07FFh -ABANK8=0800h-08FFh \
  -ABANK9=0900h-09FFh -ABANK10=0A00h-0AFFh -ABANK11=0B00h-0BFFh \
  -ABANK12=0C00h-0CFFh -ABANK13=0D00h-0DFFh -ABANK14=0E00h-0EFFh \
  -ABANK15=0F00h-0FFFh -ABANK16=01000h-010FFh -ABANK17=01100h-011FFh \
  -ABANK18=01200h-012FFh -ABANK19=01300h-013FFh -ABANK20=01400h-014FFh \
  -ABANK21=01500h-015FFh -ABANK22=01600h-016FFh -ABANK23=01700h-017FFh \
  -ABANK24=01800h-018FFh -ABANK25=01900h-019FFh -ABANK26=01A00h-01AFFh \
  -ABANK27=01B00h-01BFFh -ABANK28=01C00h-01CFFh -ABANK29=01D00h-01DFFh \
  -ABANK30=01E00h-01EFFh -ABANK31=01F00h-01FFFh \
  -ASFR=03800h-038FFhx7,03F00h-03F5Fh,03F60h-03FFFh -ABIGSFR=03800h-03FFFh \
  -ACONFIG=0300000h-0300009h -AIDLOC=0200000h-020000Fh \
  -AEEDATA=0310000h-03103FFh -peeprom_data=EEDATA -preset_vec=00h \
  -ppowerup=CODE,init -pramtop=02000h -psmallconst=SMALLCONST \
  -pmediumconst=MEDIUMCONST -pconst=CONST -AFARRAM=00h-00h \
  -prdata=COMRAM,nvrram=COMRAM,nvbit=COMRAM,rbss=COMRAM,rbit=COMRAM \
  -pfarbss=FARRAM,fardata=FARRAM,nvFARRAM=FARRAM \
  -pintsave_regs=BIGRAM,bigbss=BIGRAM,bigdata=BIGRAM -pbss=RAM \
  -pidata=CODE,irdata=CODE,ibigdata=CODE,ifardata=CODE -prparam=COMRAM \
  C:\Users\Jacob\AppData\Local\Temp\xcAs5k8.\driver_tmp_14.o \
  dist/default/production\SerialAssignment.X.production.o 

Object code version is 3.11

Machine type is 18F47K42



                Name                               Link     Load   Length Selector   Space Scale
C:\Users\Jacob\AppData\Local\Temp\xcAs5k8.\driver_tmp_14.o
                config                           300000   300000        A        0       4
                init                              1FFFC    1FFFC        4     FFFE       0
                reset_vec                             0        0        4        0       0
dist/default/production\SerialAssignment.X.production.o
                config                           300000   300000        A        0       4
                smallconst                         2000     2000       96     1000       0
                text29                             29CA     29CA       12     104B       0
                text28                             29F8     29F8        E     104B       0
                text27                             29EA     29EA        E     104B       0
                text26                             29DC     29DC        E     104B       0
                text25                             279E     279E       46     104B       0
                text24                             24BA     24BA       88     104B       0
                text23                             2922     2922       22     104B       0
                text22                             2900     2900       22     104B       0
                text21                             28DE     28DE       22     104B       0
                text20                             2620     2620       6C     104B       0
                text19                             28BC     28BC       22     104B       0
                text18                             289A     289A       22     104B       0
                text17                             2878     2878       22     104B       0
                text16                             26F6     26F6       60     104B       0
                text15                             29B4     29B4       16     104B       0
                text14                             234A     234A       C2     104B       0
                text13                             240C     240C       AE     104B       0
                text12                             281C     281C       34     104B       0
                text11                             2850     2850       28     104B       0
                text10                             2A06     2A06        A     104B       0
                text9                              2962     2962       1E     104B       0
                text8                              2272     2272       D8     104B       0
                text7                              2096     2096      1DC     104B       0
                text6                              2756     2756       48     104B       0
                text5                              299A     299A       1A     104B       0
                text4                              268C     268C       6A     104B       0
                text3                              25B4     25B4       6C     104B       0
                text2                              2980     2980       1A     104B       0
                text1                              27E4     27E4       38     104B       0
                text0                              2542     2542       72     104B       0
                cstackCOMRAM                          1        1       35        1       1
                bssBANK0                             60       60       20       60       1
                bssCOMRAM                            36       36       28        1       1
                cinit                              2944     2944       1E     104B       0

TOTAL           Name                               Link     Load   Length     Space
        CLASS   CODE           
                init                              1FFFC    1FFFC        4         0
                reset_vec                             0        0        4         0
                text29                             29CA     29CA       12         0
                text28                             29F8     29F8        E         0
                text27                             29EA     29EA        E         0
                text26                             29DC     29DC        E         0
                text25                             279E     279E       46         0
                text24                             24BA     24BA       88         0
                text23                             2922     2922       22         0
                text22                             2900     2900       22         0
                text21                             28DE     28DE       22         0
                text20                             2620     2620       6C         0
                text19                             28BC     28BC       22         0
                text18                             289A     289A       22         0
                text17                             2878     2878       22         0
                text16                             26F6     26F6       60         0
                text15                             29B4     29B4       16         0
                text14                             234A     234A       C2         0
                text13                             240C     240C       AE         0
                text12                             281C     281C       34         0
                text11                             2850     2850       28         0
                text10                             2A06     2A06        A         0
                text9                              2962     2962       1E         0
                text8                              2272     2272       D8         0
                text7                              2096     2096      1DC         0
                text6                              2756     2756       48         0
                text5                              299A     299A       1A         0
                text4                              268C     268C       6A         0
                text3                              25B4     25B4       6C         0
                text2                              2980     2980       1A         0
                text1                              27E4     27E4       38         0
                text0                              2542     2542       72         0
                cinit                              2944     2944       1E         0

        CLASS   CONST          

        CLASS   SMALLCONST     
                smallconst                         2000     2000       96         0

        CLASS   MEDIUMCONST    

        CLASS   COMRAM         
                cstackCOMRAM                          1        1       35         1
                bssCOMRAM                            36       36       28         1

        CLASS   ABS1           

        CLASS   BIGRAM         

        CLASS   RAM            

        CLASS   BANK0          
                bssBANK0                             60       60       20         1

        CLASS   BANK1          

        CLASS   BANK2          

        CLASS   BANK3          

        CLASS   BANK4          

        CLASS   BANK5          

        CLASS   BANK6          

        CLASS   BANK7          

        CLASS   BANK8          

        CLASS   BANK9          

        CLASS   BANK10         

        CLASS   BANK11         

        CLASS   BANK12         

        CLASS   BANK13         

        CLASS   BANK14         

        CLASS   BANK15         

        CLASS   BANK16         

        CLASS   BANK17         

        CLASS   BANK18         

        CLASS   BANK19         

        CLASS   BANK20         

        CLASS   BANK21         

        CLASS   BANK22         

        CLASS   BANK23         

        CLASS   BANK24         

        CLASS   BANK25         

        CLASS   BANK26         

        CLASS   BANK27         

        CLASS   BANK28         

        CLASS   BANK29         

        CLASS   BANK30         

        CLASS   BANK31         

        CLASS   SFR            

        CLASS   BIGSFR         

        CLASS   CONFIG         
                config                           300000   300000        A         4

        CLASS   IDLOC          

        CLASS   EEDATA         

        CLASS   FARRAM         

        CLASS   HEAP           

        CLASS   STACK          



SEGMENTS        Name                           Load    Length   Top    Selector   Space  Class

                reset_vec                      000000  000004  000004         0       0  CODE    
                cstackCOMRAM                   000001  00005D  00005E         1       1  COMRAM  
                bssBANK0                       000060  000020  000080        60       1  BANK0   
                smallconst                     002000  000096  002096      1000       0  SMALLCON
                text7                          002096  00097A  002A10      104B       0  CODE    
                init                           01FFFC  000004  020000      FFFE       0  CODE    


UNUSED ADDRESS RANGES

        Name                Unused          Largest block    Delta
        BANK0            000080-0000FF               80
        BANK1            000100-0001FF              100
        BANK10           000A00-000AFF              100
        BANK11           000B00-000BFF              100
        BANK12           000C00-000CFF              100
        BANK13           000D00-000DFF              100
        BANK14           000E00-000EFF              100
        BANK15           000F00-000FFF              100
        BANK16           001000-0010FF              100
        BANK17           001100-0011FF              100
        BANK18           001200-0012FF              100
        BANK19           001300-0013FF              100
        BANK2            000200-0002FF              100
        BANK20           001400-0014FF              100
        BANK21           001500-0015FF              100
        BANK22           001600-0016FF              100
        BANK23           001700-0017FF              100
        BANK24           001800-0018FF              100
        BANK25           001900-0019FF              100
        BANK26           001A00-001AFF              100
        BANK27           001B00-001BFF              100
        BANK28           001C00-001CFF              100
        BANK29           001D00-001DFF              100
        BANK3            000300-0003FF              100
        BANK30           001E00-001EFF              100
        BANK31           001F00-001FFF              100
        BANK4            000400-0004FF              100
        BANK5            000500-0005FF              100
        BANK6            000600-0006FF              100
        BANK7            000700-0007FF              100
        BANK8            000800-0008FF              100
        BANK9            000900-0009FF              100
        BIGRAM           00005E-00005F                2
                         000080-001FFF             1F80
        BIGSFR           003800-003FFF              800
        CODE             000004-001FFF             1FFC
                         002A10-01FFFB            1D5EC
        COMRAM           00005E-00005F                2
        CONST            000004-001FFF             1FFC
                         002A10-01FFFB            1D5EC
        EEDATA           310000-3103FF              400
        IDLOC            200000-20000F               10
        MEDIUMCONST      002A10-00FFFF             D5F0
                         012000-01FFFB             DFFC
        RAM              000080-001FFF              100
        SFR              003800-003FFF              100
        SMALLCONST       002A10-00FFFF              100
                         012000-01FFFB              100

                                  Symbol Table

?___awdiv                                          cstackCOMRAM 000001
?___awmod                                          cstackCOMRAM 000013
?___lmul                                           cstackCOMRAM 000001
?_abs                                              cstackCOMRAM 000019
?_printf                                           cstackCOMRAM 00002E
?_rand                                             cstackCOMRAM 00000D
?_time                                             cstackCOMRAM 000001
?_vfprintf                                         cstackCOMRAM 000029
INT0_SetInterruptHandler@InterruptHandler          cstackCOMRAM 000001
INT1_SetInterruptHandler@InterruptHandler          cstackCOMRAM 000001
INT2_SetInterruptHandler@InterruptHandler          cstackCOMRAM 000001
UART1_FramingErrorCallbackRegister@callbackHandler cstackCOMRAM 000001
UART1_OverrunErrorCallbackRegister@callbackHandler cstackCOMRAM 000001
UART1_ParityErrorCallbackRegister@callbackHandler  cstackCOMRAM 000001
UART2_FramingErrorCallbackRegister@callbackHandler cstackCOMRAM 000001
UART2_OverrunErrorCallbackRegister@callbackHandler cstackCOMRAM 000001
UART2_ParityErrorCallbackRegister@callbackHandler  cstackCOMRAM 000001
UART2_Write@txData                                 cstackCOMRAM 000001
_ANSELA                                            (abs)        003A40
_ANSELB                                            (abs)        003A50
_ANSELC                                            (abs)        003A60
_ANSELD                                            (abs)        003A70
_ANSELE                                            (abs)        003A80
_CLOCK_Initialize                                  text29       0029CA
_INLVLA                                            (abs)        003A44
_INLVLB                                            (abs)        003A54
_INLVLC                                            (abs)        003A64
_INLVLD                                            (abs)        003A74
_INLVLE                                            (abs)        003A84
_INT0_DefaultInterruptHandler                      (abs)        000000
_INT0_InterruptHandler                             bssCOMRAM    00003C
_INT0_SetInterruptHandler                          text28       0029F8
_INT1_DefaultInterruptHandler                      (abs)        000000
_INT1_InterruptHandler                             bssCOMRAM    000039
_INT1_SetInterruptHandler                          text27       0029EA
_INT2_DefaultInterruptHandler                      (abs)        000000
_INT2_InterruptHandler                             bssCOMRAM    000036
_INT2_SetInterruptHandler                          text26       0029DC
_INTCON0bits                                       (abs)        003FD2
_INTERRUPT_Initialize                              text25       00279E
_IOCAF                                             (abs)        003A47
_IOCAN                                             (abs)        003A46
_IOCAP                                             (abs)        003A45
_IOCBF                                             (abs)        003A57
_IOCBN                                             (abs)        003A56
_IOCBP                                             (abs)        003A55
_IOCCF                                             (abs)        003A67
_IOCCN                                             (abs)        003A66
_IOCCP                                             (abs)        003A65
_IOCEF                                             (abs)        003A87
_IOCEN                                             (abs)        003A86
_IOCEP                                             (abs)        003A85
_LATA                                              (abs)        003FBA
_LATB                                              (abs)        003FBB
_LATC                                              (abs)        003FBC
_LATD                                              (abs)        003FBD
_LATE                                              (abs)        003FBE
_ODCONA                                            (abs)        003A42
_ODCONB                                            (abs)        003A52
_ODCONC                                            (abs)        003A62
_ODCOND                                            (abs)        003A72
_ODCONE                                            (abs)        003A82
_OSCCON1                                           (abs)        0039D9
_OSCCON3                                           (abs)        0039DB
_OSCEN                                             (abs)        0039DD
_OSCFRQ                                            (abs)        0039DF
_OSCTUNE                                           (abs)        0039DE
_PIN_MANAGER_Initialize                            text24       0024BA
_PIR1bits                                          (abs)        0039A1
_PIR5bits                                          (abs)        0039A5
_PIR7bits                                          (abs)        0039A7
_RB1I2C                                            (abs)        003A5A
_RB2I2C                                            (abs)        003A5B
_RC3I2C                                            (abs)        003A6A
_RC4I2C                                            (abs)        003A6B
_RD0I2C                                            (abs)        003A7A
_RD0PPS                                            (abs)        003A18
_RD1I2C                                            (abs)        003A7B
_SLRCONA                                           (abs)        003A43
_SLRCONB                                           (abs)        003A53
_SLRCONC                                           (abs)        003A63
_SLRCOND                                           (abs)        003A73
_SLRCONE                                           (abs)        003A83
_SYSTEM_Initialize                                 text15       0029B4
_TRISA                                             (abs)        003FC2
_TRISB                                             (abs)        003FC3
_TRISC                                             (abs)        003FC4
_TRISD                                             (abs)        003FC5
_TRISE                                             (abs)        003FC6
_U1BRGH                                            (abs)        003DF6
_U1BRGL                                            (abs)        003DF5
_U1CON0                                            (abs)        003DF2
_U1CON0bits                                        (abs)        003DF2
_U1CON1                                            (abs)        003DF3
_U1CON1bits                                        (abs)        003DF3
_U1CON2                                            (abs)        003DF4
_U1ERRIE                                           (abs)        003DFA
_U1ERRIR                                           (abs)        003DF9
_U1ERRIRbits                                       (abs)        003DF9
_U1FIFO                                            (abs)        003DF7
_U1FIFObits                                        (abs)        003DF7
_U1P1H                                             (abs)        003DED
_U1P1L                                             (abs)        003DEC
_U1P2H                                             (abs)        003DEF
_U1P2L                                             (abs)        003DEE
_U1P3H                                             (abs)        003DF1
_U1P3L                                             (abs)        003DF0
_U1RXB                                             (abs)        003DE8
_U1RXCHK                                           (abs)        003DE9
_U1RXPPS                                           (abs)        003AE5
_U1TXB                                             (abs)        003DEA
_U1TXCHK                                           (abs)        003DEB
_U1UIR                                             (abs)        003DF8
_U1UIRbits                                         (abs)        003DF8
_U2BRGH                                            (abs)        003DDE
_U2BRGL                                            (abs)        003DDD
_U2CON0                                            (abs)        003DDA
_U2CON0bits                                        (abs)        003DDA
_U2CON1                                            (abs)        003DDB
_U2CON1bits                                        (abs)        003DDB
_U2CON2                                            (abs)        003DDC
_U2ERRIE                                           (abs)        003DE2
_U2ERRIR                                           (abs)        003DE1
_U2ERRIRbits                                       (abs)        003DE1
_U2FIFO                                            (abs)        003DDF
_U2FIFObits                                        (abs)        003DDF
_U2P1L                                             (abs)        003DD4
_U2P2L                                             (abs)        003DD6
_U2P3L                                             (abs)        003DD8
_U2RXB                                             (abs)        003DD0
_U2RXPPS                                           (abs)        003AE8
_U2TXB                                             (abs)        003DD2
_U2UIR                                             (abs)        003DE0
_U2UIRbits                                         (abs)        003DE0
_UART1                                             smallconst   002049
_UART1_AutoBaudQuery                               (abs)        000000
_UART1_AutoBaudSet                                 (abs)        000000
_UART1_DefaultFramingErrorCallback                 (abs)        000000
_UART1_DefaultOverrunErrorCallback                 (abs)        000000
_UART1_DefaultParityErrorCallback                  (abs)        000000
_UART1_Deinitialize                                (abs)        000000
_UART1_ErrorGet                                    (abs)        000000
_UART1_FramingErrorCallbackRegister                text23       002922
_UART1_FramingErrorHandler                         bssCOMRAM    00004E
_UART1_Initialize                                  text20       002620
_UART1_IsRxReady                                   (abs)        000000
_UART1_IsTxDone                                    (abs)        000000
_UART1_IsTxReady                                   (abs)        000000
_UART1_OverrunErrorCallbackRegister                text22       002900
_UART1_OverrunErrorHandler                         bssCOMRAM    00004B
_UART1_ParityErrorCallbackRegister                 text21       0028DE
_UART1_ParityErrorHandler                          bssCOMRAM    000048
_UART1_Read                                        (abs)        000000
_UART1_TransmitDisable                             (abs)        000000
_UART1_TransmitEnable                              (abs)        000000
_UART1_Write                                       (abs)        000000
_UART2                                             smallconst   002001
_UART2_AutoBaudQuery                               (abs)        000000
_UART2_AutoBaudSet                                 (abs)        000000
_UART2_DefaultFramingErrorCallback                 (abs)        000000
_UART2_DefaultOverrunErrorCallback                 (abs)        000000
_UART2_DefaultParityErrorCallback                  (abs)        000000
_UART2_Deinitialize                                (abs)        000000
_UART2_ErrorGet                                    (abs)        000000
_UART2_FramingErrorCallbackRegister                text19       0028BC
_UART2_FramingErrorHandler                         bssCOMRAM    000045
_UART2_Initialize                                  text16       0026F6
_UART2_IsRxReady                                   (abs)        000000
_UART2_IsTxDone                                    (abs)        000000
_UART2_IsTxReady                                   text11       002850
_UART2_IsTxReady$1100                              cstackCOMRAM 000001
_UART2_OverrunErrorCallbackRegister                text18       00289A
_UART2_OverrunErrorHandler                         bssCOMRAM    000042
_UART2_ParityErrorCallbackRegister                 text17       002878
_UART2_ParityErrorHandler                          bssCOMRAM    00003F
_UART2_Read                                        (abs)        000000
_UART2_TransmitDisable                             (abs)        000000
_UART2_TransmitEnable                              (abs)        000000
_UART2_Write                                       text10       002A06
_WPUA                                              (abs)        003A41
_WPUB                                              (abs)        003A51
_WPUC                                              (abs)        003A61
_WPUD                                              (abs)        003A71
_WPUE                                              (abs)        003A81
__HRAM                                             (abs)        000000
__H__absolute__                                    __absolute__ 000000
__Habs1                                            abs1         000000
__Hbank0                                           bank0        000000
__Hbank1                                           bank1        000000
__Hbank10                                          bank10       000000
__Hbank11                                          bank11       000000
__Hbank12                                          bank12       000000
__Hbank13                                          bank13       000000
__Hbank14                                          bank14       000000
__Hbank15                                          bank15       000000
__Hbank16                                          bank16       000000
__Hbank17                                          bank17       000000
__Hbank18                                          bank18       000000
__Hbank19                                          bank19       000000
__Hbank2                                           bank2        000000
__Hbank20                                          bank20       000000
__Hbank21                                          bank21       000000
__Hbank22                                          bank22       000000
__Hbank23                                          bank23       000000
__Hbank24                                          bank24       000000
__Hbank25                                          bank25       000000
__Hbank26                                          bank26       000000
__Hbank27                                          bank27       000000
__Hbank28                                          bank28       000000
__Hbank29                                          bank29       000000
__Hbank3                                           bank3        000000
__Hbank30                                          bank30       000000
__Hbank31                                          bank31       000000
__Hbank4                                           bank4        000000
__Hbank5                                           bank5        000000
__Hbank6                                           bank6        000000
__Hbank7                                           bank7        000000
__Hbank8                                           bank8        000000
__Hbank9                                           bank9        000000
__Hbigbss                                          bigbss       000000
__Hbigdata                                         bigdata      000000
__Hbigram                                          bigram       000000
__Hbigsfr                                          bigsfr       000000
__Hbss                                             bss          000000
__HbssBANK0                                        bssBANK0     000000
__HbssCOMRAM                                       bssCOMRAM    000000
__Hcinit                                           cinit        000000
__Hclrtext                                         clrtext      000000
__Hcomram                                          comram       000000
__Hconfig                                          config       30000A
__Hconst                                           const        000000
__HcstackCOMRAM                                    cstackCOMRAM 000000
__Hdata                                            data         000000
__Heeprom_data                                     eeprom_data  000000
__Hfarbss                                          farbss       000000
__Hfardata                                         fardata      000000
__Hheap                                            heap         000000
__Hibigdata                                        ibigdata     000000
__Hidata                                           idata        000000
__Hidloc                                           idloc        000000
__Hifardata                                        ifardata     000000
__Hinit                                            init         020000
__Hintsave_regs                                    intsave_regs 000000
__Hirdata                                          irdata       000000
__Hmediumconst                                     mediumconst  000000
__HnvFARRAM                                        nvFARRAM     000000
__Hnvbit                                           nvbit        000000
__Hnvrram                                          nvrram       000000
__Hparam                                           rparam       000000
__Hpowerup                                         powerup      000000
__Hram                                             ram          000000
__Hramtop                                          ramtop       002000
__Hrbit                                            rbit         000000
__Hrbss                                            rbss         000000
__Hrdata                                           rdata        000000
__Hreset_vec                                       reset_vec    000004
__Hrparam                                          rparam       000000
__Hsfr                                             sfr          000000
__Hsmallconst                                      smallconst   002096
__Hspace_0                                         (abs)        020000
__Hspace_1                                         (abs)        000080
__Hspace_2                                         (abs)        000000
__Hspace_4                                         (abs)        60000A
__Hstack                                           stack        000000
__Hstruct                                          struct       000000
__Htemp                                            temp         000000
__Htext                                            text         000000
__Htext0                                           text0        000000
__Htext1                                           text1        000000
__Htext10                                          text10       000000
__Htext11                                          text11       000000
__Htext12                                          text12       000000
__Htext13                                          text13       000000
__Htext14                                          text14       000000
__Htext15                                          text15       000000
__Htext16                                          text16       000000
__Htext17                                          text17       000000
__Htext18                                          text18       000000
__Htext19                                          text19       000000
__Htext2                                           text2        000000
__Htext20                                          text20       000000
__Htext21                                          text21       000000
__Htext22                                          text22       000000
__Htext23                                          text23       000000
__Htext24                                          text24       000000
__Htext25                                          text25       000000
__Htext26                                          text26       000000
__Htext27                                          text27       000000
__Htext28                                          text28       000000
__Htext29                                          text29       000000
__Htext3                                           text3        000000
__Htext4                                           text4        000000
__Htext5                                           text5        000000
__Htext6                                           text6        000000
__Htext7                                           text7        000000
__Htext8                                           text8        000000
__Htext9                                           text9        000000
__LRAM                                             (abs)        000001
__L__absolute__                                    __absolute__ 000000
__Labs1                                            abs1         000000
__Lbank0                                           bank0        000000
__Lbank1                                           bank1        000000
__Lbank10                                          bank10       000000
__Lbank11                                          bank11       000000
__Lbank12                                          bank12       000000
__Lbank13                                          bank13       000000
__Lbank14                                          bank14       000000
__Lbank15                                          bank15       000000
__Lbank16                                          bank16       000000
__Lbank17                                          bank17       000000
__Lbank18                                          bank18       000000
__Lbank19                                          bank19       000000
__Lbank2                                           bank2        000000
__Lbank20                                          bank20       000000
__Lbank21                                          bank21       000000
__Lbank22                                          bank22       000000
__Lbank23                                          bank23       000000
__Lbank24                                          bank24       000000
__Lbank25                                          bank25       000000
__Lbank26                                          bank26       000000
__Lbank27                                          bank27       000000
__Lbank28                                          bank28       000000
__Lbank29                                          bank29       000000
__Lbank3                                           bank3        000000
__Lbank30                                          bank30       000000
__Lbank31                                          bank31       000000
__Lbank4                                           bank4        000000
__Lbank5                                           bank5        000000
__Lbank6                                           bank6        000000
__Lbank7                                           bank7        000000
__Lbank8                                           bank8        000000
__Lbank9                                           bank9        000000
__Lbigbss                                          bigbss       000000
__Lbigdata                                         bigdata      000000
__Lbigram                                          bigram       000000
__Lbigsfr                                          bigsfr       000000
__Lbss                                             bss          000000
__LbssBANK0                                        bssBANK0     000000
__LbssCOMRAM                                       bssCOMRAM    000000
__Lcinit                                           cinit        000000
__Lclrtext                                         clrtext      000000
__Lcomram                                          comram       000000
__Lconfig                                          config       000000
__Lconst                                           const        000000
__LcstackCOMRAM                                    cstackCOMRAM 000000
__Ldata                                            data         000000
__Leeprom_data                                     eeprom_data  000000
__Lfarbss                                          farbss       000000
__Lfardata                                         fardata      000000
__Lheap                                            heap         000000
__Libigdata                                        ibigdata     000000
__Lidata                                           idata        000000
__Lidloc                                           idloc        000000
__Lifardata                                        ifardata     000000
__Linit                                            init         01FFFC
__Lintsave_regs                                    intsave_regs 000000
__Lirdata                                          irdata       000000
__Lmediumconst                                     mediumconst  000000
__LnvFARRAM                                        nvFARRAM     000000
__Lnvbit                                           nvbit        000000
__Lnvrram                                          nvrram       000000
__Lparam                                           rparam       000000
__Lpowerup                                         powerup      000000
__Lram                                             ram          000000
__Lramtop                                          ramtop       002000
__Lrbit                                            rbit         000000
__Lrbss                                            rbss         000000
__Lrdata                                           rdata        000000
__Lreset_vec                                       reset_vec    000000
__Lrparam                                          rparam       000000
__Lsfr                                             sfr          000000
__Lsmallconst                                      smallconst   002000
__Lspace_0                                         (abs)        000000
__Lspace_1                                         (abs)        000000
__Lspace_2                                         (abs)        000000
__Lspace_4                                         (abs)        000000
__Lstack                                           stack        000000
__Lstruct                                          struct       000000
__Ltemp                                            temp         000000
__Ltext                                            text         000000
__Ltext0                                           text0        000000
__Ltext1                                           text1        000000
__Ltext10                                          text10       000000
__Ltext11                                          text11       000000
__Ltext12                                          text12       000000
__Ltext13                                          text13       000000
__Ltext14                                          text14       000000
__Ltext15                                          text15       000000
__Ltext16                                          text16       000000
__Ltext17                                          text17       000000
__Ltext18                                          text18       000000
__Ltext19                                          text19       000000
__Ltext2                                           text2        000000
__Ltext20                                          text20       000000
__Ltext21                                          text21       000000
__Ltext22                                          text22       000000
__Ltext23                                          text23       000000
__Ltext24                                          text24       000000
__Ltext25                                          text25       000000
__Ltext26                                          text26       000000
__Ltext27                                          text27       000000
__Ltext28                                          text28       000000
__Ltext29                                          text29       000000
__Ltext3                                           text3        000000
__Ltext4                                           text4        000000
__Ltext5                                           text5        000000
__Ltext6                                           text6        000000
__Ltext7                                           text7        000000
__Ltext8                                           text8        000000
__Ltext9                                           text9        000000
__S0                                               (abs)        020000
__S1                                               (abs)        000080
__S4                                               (abs)        000000
__S5                                               (abs)        000000
___awdiv                                           text14       00234A
___awdiv@counter                                   cstackCOMRAM 000005
___awdiv@dividend                                  cstackCOMRAM 000001
___awdiv@divisor                                   cstackCOMRAM 000003
___awdiv@quotient                                  cstackCOMRAM 000007
___awdiv@sign                                      cstackCOMRAM 000006
___awmod                                           text13       00240C
___awmod@counter                                   cstackCOMRAM 000017
___awmod@dividend                                  cstackCOMRAM 000013
___awmod@divisor                                   cstackCOMRAM 000015
___awmod@sign                                      cstackCOMRAM 000018
___heap_hi                                         (abs)        000000
___heap_lo                                         (abs)        000000
___inthi_sp                                        stack        000000
___inthi_stack_hi                                  stack        000000
___inthi_stack_lo                                  stack        000000
___intlo_sp                                        stack        000000
___intlo_stack_hi                                  stack        000000
___intlo_stack_lo                                  stack        000000
___lmul                                            text4        00268C
___lmul@multiplicand                               cstackCOMRAM 000005
___lmul@multiplier                                 cstackCOMRAM 000001
___lmul@product                                    cstackCOMRAM 000009
___param_bank                                      (abs)        000000
___rparam_used                                     (abs)        000001
___sp                                              stack        000000
___stack_hi                                        stack        000000
___stack_lo                                        stack        000000
__accesstop                                        (abs)        000060
__activetblptr                                     (abs)        000003
__end_of_CLOCK_Initialize                          text29       0029DC
__end_of_INT0_SetInterruptHandler                  text28       002A06
__end_of_INT1_SetInterruptHandler                  text27       0029F8
__end_of_INT2_SetInterruptHandler                  text26       0029EA
__end_of_INTERRUPT_Initialize                      text25       0027E4
__end_of_PIN_MANAGER_Initialize                    text24       002542
__end_of_SYSTEM_Initialize                         text15       0029CA
__end_of_UART1                                     smallconst   002091
__end_of_UART1_FramingErrorCallbackRegister        text23       002944
__end_of_UART1_Initialize                          text20       00268C
__end_of_UART1_OverrunErrorCallbackRegister        text22       002922
__end_of_UART1_ParityErrorCallbackRegister         text21       002900
__end_of_UART2                                     smallconst   002049
__end_of_UART2_FramingErrorCallbackRegister        text19       0028DE
__end_of_UART2_Initialize                          text16       002756
__end_of_UART2_IsTxReady                           text11       002878
__end_of_UART2_OverrunErrorCallbackRegister        text18       0028BC
__end_of_UART2_ParityErrorCallbackRegister         text17       00289A
__end_of_UART2_Write                               text10       002A10
__end_of___awdiv                                   text14       00240C
__end_of___awmod                                   text13       0024BA
__end_of___lmul                                    text4        0026F6
__end_of__initialization                           cinit        00295C
__end_of_abs                                       text12       002850
__end_of_fputc                                     text8        00234A
__end_of_main                                      text0        0025B4
__end_of_printf                                    text5        0029B4
__end_of_putch                                     text9        002980
__end_of_rand                                      text3        002620
__end_of_srand                                     text2        00299A
__end_of_time                                      text1        00281C
__end_of_vfpfcnvrt                                 text7        002272
__end_of_vfprintf                                  text6        00279E
__initialization                                   cinit        002944
__mediumconst                                      smallconst   002000
__pbssBANK0                                        bssBANK0     000060
__pbssCOMRAM                                       bssCOMRAM    000036
__pcinit                                           cinit        002944
__pcstackCOMRAM                                    cstackCOMRAM 000001
__psmallconst                                      smallconst   002000
__ptext0                                           text0        002542
__ptext1                                           text1        0027E4
__ptext10                                          text10       002A06
__ptext11                                          text11       002850
__ptext12                                          text12       00281C
__ptext13                                          text13       00240C
__ptext14                                          text14       00234A
__ptext15                                          text15       0029B4
__ptext16                                          text16       0026F6
__ptext17                                          text17       002878
__ptext18                                          text18       00289A
__ptext19                                          text19       0028BC
__ptext2                                           text2        002980
__ptext20                                          text20       002620
__ptext21                                          text21       0028DE
__ptext22                                          text22       002900
__ptext23                                          text23       002922
__ptext24                                          text24       0024BA
__ptext25                                          text25       00279E
__ptext26                                          text26       0029DC
__ptext27                                          text27       0029EA
__ptext28                                          text28       0029F8
__ptext29                                          text29       0029CA
__ptext3                                           text3        0025B4
__ptext4                                           text4        00268C
__ptext5                                           text5        00299A
__ptext6                                           text6        002756
__ptext7                                           text7        002096
__ptext8                                           text8        002272
__ptext9                                           text9        002962
__ramtop                                           ramtop       002000
__smallconst                                       smallconst   002000
_abs                                               text12       00281C
_dbuf                                              bssBANK0     000060
_flags                                             bssCOMRAM    000059
_fputc                                             text8        002272
_main                                              text0        002542
_prec                                              bssCOMRAM    000053
_printf                                            text5        00299A
_putch                                             text9        002962
_rand                                              text3        0025B4
_seed                                              bssCOMRAM    00005A
_srand                                             text2        002980
_time                                              text1        0027E4
_uart1RxLastError                                  bssCOMRAM    000057
_uart2RxLastError                                  bssCOMRAM    000055
_vfpfcnvrt                                         text7        002096
_vfprintf                                          text6        002756
_width                                             bssCOMRAM    000051
abs@a                                              cstackCOMRAM 000019
end_of_initialization                              cinit        00295C
fputc@c                                            cstackCOMRAM 000003
fputc@fp                                           cstackCOMRAM 000005
intlevel0                                          text         000000
intlevel1                                          text         000000
intlevel2                                          text         000000
intlevel3                                          text         000000
isa$std                                            (abs)        000001
isa$xinst                                          (abs)        000000
main@num                                           cstackCOMRAM 000034
printf@ap                                          cstackCOMRAM 000031
printf@fmt                                         cstackCOMRAM 00002E
putch@txData                                       cstackCOMRAM 000002
srand@s                                            cstackCOMRAM 000005
stackhi                                            (abs)        000000
stacklo                                            (abs)        000000
start                                              init         01FFFC
start_initialization                               cinit        002944
time@t                                             cstackCOMRAM 000001
vfpfcnvrt@ap                                       cstackCOMRAM 000020
vfpfcnvrt@c                                        cstackCOMRAM 000028
vfpfcnvrt@convarg                                  cstackCOMRAM 000024
vfpfcnvrt@cp                                       cstackCOMRAM 000023
vfpfcnvrt@done                                     cstackCOMRAM 000022
vfpfcnvrt@fmt                                      cstackCOMRAM 00001F
vfpfcnvrt@fp                                       cstackCOMRAM 00001D
vfprintf@ap                                        cstackCOMRAM 00002C
vfprintf@cfmt                                      cstackCOMRAM 00002D
vfprintf@fmt                                       cstackCOMRAM 00002B
vfprintf@fp                                        cstackCOMRAM 000029


MODULE INFORMATION

Module		Function		Class		Link	Load	Size
C:\Program Files\Microchip\xc8\v3.00\pic\sources\c99\common\time.c
		_time          		CODE           	27E4	0000	56

C:\Program Files\Microchip\xc8\v3.00\pic\sources\c99\common\time.c estimated size: 56

C:\Program Files\Microchip\xc8\v3.00\pic\sources\c99\common\abs.c
		_abs           		CODE           	281C	0000	52

C:\Program Files\Microchip\xc8\v3.00\pic\sources\c99\common\abs.c estimated size: 52

C:\Program Files\Microchip\xc8\v3.00\pic\sources\c99\common\nf_fputc.c
		_fputc         		CODE           	2272	0000	216

C:\Program Files\Microchip\xc8\v3.00\pic\sources\c99\common\nf_fputc.c estimated size: 216

mcc_generated_files/system/src/interrupt.c
		_INT0_SetInterruptHandler		CODE           	29F8	0000	14
		_INT1_SetInterruptHandler		CODE           	29EA	0000	14
		_INT2_SetInterruptHandler		CODE           	29DC	0000	14
		_INTERRUPT_Initialize		CODE           	279E	0000	70

mcc_generated_files/system/src/interrupt.c estimated size: 112

C:\Program Files\Microchip\xc8\v3.00\pic\sources\c99\common\printf.c
		_printf        		CODE           	299A	0000	26

C:\Program Files\Microchip\xc8\v3.00\pic\sources\c99\common\printf.c estimated size: 26

C:\Program Files\Microchip\xc8\v3.00\pic\sources\c99\common\rand.c
		_srand         		CODE           	2980	0000	26
		_rand          		CODE           	25B4	0000	108

C:\Program Files\Microchip\xc8\v3.00\pic\sources\c99\common\rand.c estimated size: 134

mcc_generated_files/uart/src/uart1.c
		_UART1_FramingErrorCallbackRegister		CODE           	2922	0000	34
		_UART1_OverrunErrorCallbackRegister		CODE           	2900	0000	34
		_UART1_Initialize		CODE           	2620	0000	108
		_UART1_ParityErrorCallbackRegister		CODE           	28DE	0000	34

mcc_generated_files/uart/src/uart1.c estimated size: 210

C:\Program Files\Microchip\xc8\v3.00\pic\sources\c99\common\awmod.c
		___awmod       		CODE           	240C	0000	174

C:\Program Files\Microchip\xc8\v3.00\pic\sources\c99\common\awmod.c estimated size: 174

C:\Program Files\Microchip\xc8\v3.00\pic\sources\c99\common\Umul32.c
		___lmul        		CODE           	268C	0000	106

C:\Program Files\Microchip\xc8\v3.00\pic\sources\c99\common\Umul32.c estimated size: 106

mcc_generated_files/system/src/pins.c
		_PIN_MANAGER_Initialize		CODE           	24BA	0000	136

mcc_generated_files/system/src/pins.c estimated size: 136

shared
		__initialization		CODE           	2944	0000	24
		_UART1         		SMALLCONST     	2049	0000	72
		_UART2         		SMALLCONST     	2001	0000	72

shared estimated size: 168

mcc_generated_files/system/src/clock.c
		_CLOCK_Initialize		CODE           	29CA	0000	18

mcc_generated_files/system/src/clock.c estimated size: 18

C:\Program Files\Microchip\xc8\v3.00\pic\sources\c99\common\awdiv.c
		___awdiv       		CODE           	234A	0000	194

C:\Program Files\Microchip\xc8\v3.00\pic\sources\c99\common\awdiv.c estimated size: 194

main.c
		_main          		CODE           	2542	0000	114

main.c estimated size: 114

C:\Program Files\Microchip\xc8\v3.00\pic\sources\c99\common\doprnt.c
		_vfpfcnvrt     		CODE           	2096	0000	476
		_vfprintf      		CODE           	2756	0000	72

C:\Program Files\Microchip\xc8\v3.00\pic\sources\c99\common\doprnt.c estimated size: 548

mcc_generated_files/uart/src/uart2.c
		_UART2_ParityErrorCallbackRegister		CODE           	2878	0000	34
		_putch         		CODE           	2962	0000	30
		_UART2_IsTxReady		CODE           	2850	0000	40
		_UART2_Write   		CODE           	2A06	0000	10
		_UART2_FramingErrorCallbackRegister		CODE           	28BC	0000	34
		_UART2_OverrunErrorCallbackRegister		CODE           	289A	0000	34
		_UART2_Initialize		CODE           	26F6	0000	96

mcc_generated_files/uart/src/uart2.c estimated size: 278

mcc_generated_files/system/src/system.c
		_SYSTEM_Initialize		CODE           	29B4	0000	22

mcc_generated_files/system/src/system.c estimated size: 22

