Microchip MPLAB XC8 Compiler V3.00

Linker command line:

-W-3 \
  --edf=C:\Program Files\Microchip\xc8\v3.00\pic\dat\20241204225717_en.msgs \
  -cn -h+dist/default/debug\Assignment_7.debug.sym \
  --cmf=dist/default/debug\Assignment_7.debug.cmf -z -Q18F47K42 \
  -oC:\Users\Jacob\AppData\Local\Temp\xcAs11qc.\driver_tmp_3.o \
  --defsym=__MPLAB_BUILD=1 --fixupoverflow=error \
  -Mdist/default/debug/Assignment_7.debug.map \
  --md=C:\Users\Jacob\AppData\Local\Temp\xcAs11qc.\driver_tmp_0.dat -E1 \
  -ver=XC8 Compiler -ACODE=00h-01FFFFh -ACONST=00h-01FFFFh \
  -ASMALLCONST=02000h-020FFhx224,012000h-0120FFhx224 \
  -AMEDIUMCONST=02000h-0FFFFh,012000h-01FFFFh -ACOMRAM=01h-05Fh \
  -AABS1=00h-01FFFh -ABIGRAM=01h-01FFFh -ARAM=060h-0FFh,0100h-01FFhx31 \
  -ABANK0=060h-0FFh -ABANK1=0100h-01FFh -ABANK2=0200h-02FFh \
  -ABANK3=0300h-03FFh -ABANK4=0400h-04FFh -ABANK5=0500h-05FFh \
  -ABANK6=0600h-06FFh -ABANK7=0700h-07FFh -ABANK8=0800h-08FFh \
  -ABANK9=0900h-09FFh -ABANK10=0A00h-0AFFh -ABANK11=0B00h-0BFFh \
  -ABANK12=0C00h-0CFFh -ABANK13=0D00h-0DFFh -ABANK14=0E00h-0EFFh \
  -ABANK15=0F00h-0FFFh -ABANK16=01000h-010FFh -ABANK17=01100h-011FFh \
  -ABANK18=01200h-012FFh -ABANK19=01300h-013FFh -ABANK20=01400h-014FFh \
  -ABANK21=01500h-015FFh -ABANK22=01600h-016FFh -ABANK23=01700h-017FFh \
  -ABANK24=01800h-018FFh -ABANK25=01900h-019FFh -ABANK26=01A00h-01AFFh \
  -ABANK27=01B00h-01BFFh -ABANK28=01C00h-01CFFh -ABANK29=01D00h-01DFFh \
  -ABANK30=01E00h-01EFFh -ABANK31=01F00h-01FFFh \
  -ASFR=03800h-038FFhx7,03F00h-03F5Fh,03F60h-03FFFh -ABIGSFR=03800h-03FFFh \
  -ACONFIG=0300000h-0300009h -AIDLOC=0200000h-020000Fh \
  -AEEDATA=0310000h-03103FFh -peeprom_data=EEDATA -preset_vec=00h \
  -ppowerup=CODE,init -pramtop=02000h -psmallconst=SMALLCONST \
  -pmediumconst=MEDIUMCONST -pconst=CONST -AFARRAM=00h-00h \
  -prdata=COMRAM,nvrram=COMRAM,nvbit=COMRAM,rbss=COMRAM,rbit=COMRAM \
  -pfarbss=FARRAM,fardata=FARRAM,nvFARRAM=FARRAM \
  -pintsave_regs=BIGRAM,bigbss=BIGRAM,bigdata=BIGRAM -pbss=RAM \
  -pidata=CODE,irdata=CODE,ibigdata=CODE,ifardata=CODE -prparam=COMRAM \
  C:\Users\Jacob\AppData\Local\Temp\xcAs11qc.\driver_tmp_9.o \
  dist/default/debug\Assignment_7.debug.o 

Object code version is 3.11

Machine type is 18F47K42



                Name                               Link     Load   Length Selector   Space Scale
C:\Users\Jacob\AppData\Local\Temp\xcAs11qc.\driver_tmp_9.o
                config                           300000   300000        A        0       4
                init                              1FFFC    1FFFC        4     FFFE       0
                reset_vec                             0        0        4        0       0
dist/default/debug\Assignment_7.debug.o
                config                           300000   300000        A        0       4
                smallconst                         2000     2000        2     1000       0
                text6                              25F8     25F8       C2     1001       0
                text5                              2530     2530       C8     1001       0
                text4                              26BA     26BA       AE     1001       0
                text3                              2768     2768       2A     1001       0
                text2                              244C     244C       E4     1001       0
                text1                              22E4     22E4      168     1001       0
                text0                              2002     2002      2E2     1001       0
                cstackCOMRAM                          1        1       19        1       1
                dataCOMRAM                           1A       1A        A        1       1
                cinit                              2792     2792       28     1001       0
                idataCOMRAM                        27BA     27BA        A     1001       0

TOTAL           Name                               Link     Load   Length     Space
        CLASS   CODE           
                init                              1FFFC    1FFFC        4         0
                reset_vec                             0        0        4         0
                text6                              25F8     25F8       C2         0
                text5                              2530     2530       C8         0
                text4                              26BA     26BA       AE         0
                text3                              2768     2768       2A         0
                text2                              244C     244C       E4         0
                text1                              22E4     22E4      168         0
                text0                              2002     2002      2E2         0
                cinit                              2792     2792       28         0
                idataCOMRAM                        27BA     27BA        A         0

        CLASS   CONST          

        CLASS   SMALLCONST     
                smallconst                         2000     2000        2         0

        CLASS   MEDIUMCONST    

        CLASS   COMRAM         
                cstackCOMRAM                          1        1       19         1
                dataCOMRAM                           1A       1A        A         1

        CLASS   ABS1           

        CLASS   BIGRAM         

        CLASS   RAM            

        CLASS   BANK0          

        CLASS   BANK1          

        CLASS   BANK2          

        CLASS   BANK3          

        CLASS   BANK4          

        CLASS   BANK5          

        CLASS   BANK6          

        CLASS   BANK7          

        CLASS   BANK8          

        CLASS   BANK9          

        CLASS   BANK10         

        CLASS   BANK11         

        CLASS   BANK12         

        CLASS   BANK13         

        CLASS   BANK14         

        CLASS   BANK15         

        CLASS   BANK16         

        CLASS   BANK17         

        CLASS   BANK18         

        CLASS   BANK19         

        CLASS   BANK20         

        CLASS   BANK21         

        CLASS   BANK22         

        CLASS   BANK23         

        CLASS   BANK24         

        CLASS   BANK25         

        CLASS   BANK26         

        CLASS   BANK27         

        CLASS   BANK28         

        CLASS   BANK29         

        CLASS   BANK30         

        CLASS   BANK31         

        CLASS   SFR            

        CLASS   BIGSFR         

        CLASS   CONFIG         
                config                           300000   300000        A         4

        CLASS   IDLOC          

        CLASS   EEDATA         

        CLASS   FARRAM         

        CLASS   HEAP           

        CLASS   STACK          



SEGMENTS        Name                           Load    Length   Top    Selector   Space  Class

                reset_vec                      000000  000004  000004         0       0  CODE    
                cstackCOMRAM                   000001  000023  000024         1       1  COMRAM  
                smallconst                     002000  000002  002002      1000       0  SMALLCON
                text0                          002002  0007C2  0027C4      1001       0  CODE    
                init                           01FFFC  000004  020000      FFFE       0  CODE    


UNUSED ADDRESS RANGES

        Name                Unused          Largest block    Delta
        BANK0            000060-0000FF               A0
        BANK1            000100-0001FF              100
        BANK10           000A00-000AFF              100
        BANK11           000B00-000BFF              100
        BANK12           000C00-000CFF              100
        BANK13           000D00-000DFF              100
        BANK14           000E00-000EFF              100
        BANK15           000F00-000FFF              100
        BANK16           001000-0010FF              100
        BANK17           001100-0011FF              100
        BANK18           001200-0012FF              100
        BANK19           001300-0013FF              100
        BANK2            000200-0002FF              100
        BANK20           001400-0014FF              100
        BANK21           001500-0015FF              100
        BANK22           001600-0016FF              100
        BANK23           001700-0017FF              100
        BANK24           001800-0018FF              100
        BANK25           001900-0019FF              100
        BANK26           001A00-001AFF              100
        BANK27           001B00-001BFF              100
        BANK28           001C00-001CFF              100
        BANK29           001D00-001DFF              100
        BANK3            000300-0003FF              100
        BANK30           001E00-001EFF              100
        BANK31           001F00-001FFF              100
        BANK4            000400-0004FF              100
        BANK5            000500-0005FF              100
        BANK6            000600-0006FF              100
        BANK7            000700-0007FF              100
        BANK8            000800-0008FF              100
        BANK9            000900-0009FF              100
        BIGRAM           000024-001FFF             1FDC
        BIGSFR           003800-003FFF              800
        CODE             000004-001FFF             1FFC
                         0027C4-01FFFB            1D838
        COMRAM           000024-00005F               3C
        CONST            000004-001FFF             1FFC
                         0027C4-01FFFB            1D838
        EEDATA           310000-3103FF              400
        IDLOC            200000-20000F               10
        MEDIUMCONST      0027C4-00FFFF             D83C
                         012000-01FFFB             DFFC
        RAM              000060-001FFF              100
        SFR              003800-003FFF              100
        SMALLCONST       0027C4-00FFFF              100
                         012000-01FFFB              100

                                  Symbol Table

?___awdiv                cstackCOMRAM 000001
?___awmod                cstackCOMRAM 000001
?___wmul                 cstackCOMRAM 000001
?_calculate              cstackCOMRAM 000009
_ADCON0                  (abs)        003EF8
_ADCON1                  (abs)        003EF9
_ADCON2                  (abs)        003EFA
_ANSELA                  (abs)        003A40
_ANSELB                  (abs)        003A50
_ANSELC                  (abs)        003A60
_ANSELD                  (abs)        003A70
_CCP2CON                 (abs)        003F7A
_LATA                    (abs)        003FBA
_LATC                    (abs)        003FBC
_LATD                    (abs)        003FBD
_PORTAbits               (abs)        003FCA
_PORTBbits               (abs)        003FCB
_PORTDbits               (abs)        003FCD
_T1CON                   (abs)        003FB2
_TRISA                   (abs)        003FC2
_TRISB                   (abs)        003FC3
_TRISC                   (abs)        003FC4
_TRISD                   (abs)        003FC5
__HRAM                   (abs)        000000
__H__absolute__          __absolute__ 000000
__Habs1                  abs1         000000
__Hbank0                 bank0        000000
__Hbank1                 bank1        000000
__Hbank10                bank10       000000
__Hbank11                bank11       000000
__Hbank12                bank12       000000
__Hbank13                bank13       000000
__Hbank14                bank14       000000
__Hbank15                bank15       000000
__Hbank16                bank16       000000
__Hbank17                bank17       000000
__Hbank18                bank18       000000
__Hbank19                bank19       000000
__Hbank2                 bank2        000000
__Hbank20                bank20       000000
__Hbank21                bank21       000000
__Hbank22                bank22       000000
__Hbank23                bank23       000000
__Hbank24                bank24       000000
__Hbank25                bank25       000000
__Hbank26                bank26       000000
__Hbank27                bank27       000000
__Hbank28                bank28       000000
__Hbank29                bank29       000000
__Hbank3                 bank3        000000
__Hbank30                bank30       000000
__Hbank31                bank31       000000
__Hbank4                 bank4        000000
__Hbank5                 bank5        000000
__Hbank6                 bank6        000000
__Hbank7                 bank7        000000
__Hbank8                 bank8        000000
__Hbank9                 bank9        000000
__Hbigbss                bigbss       000000
__Hbigdata               bigdata      000000
__Hbigram                bigram       000000
__Hbigsfr                bigsfr       000000
__Hbss                   bss          000000
__Hcinit                 cinit        000000
__Hclrtext               clrtext      000000
__Hcomram                comram       000000
__Hconfig                config       30000A
__Hconst                 const        000000
__HcstackCOMRAM          cstackCOMRAM 000000
__Hdata                  data         000000
__HdataCOMRAM            dataCOMRAM   000000
__Heeprom_data           eeprom_data  000000
__Hfarbss                farbss       000000
__Hfardata               fardata      000000
__Hheap                  heap         000000
__Hibigdata              ibigdata     000000
__Hidata                 idata        000000
__HidataCOMRAM           idataCOMRAM  000000
__Hidloc                 idloc        000000
__Hifardata              ifardata     000000
__Hinit                  init         020000
__Hintsave_regs          intsave_regs 000000
__Hirdata                irdata       000000
__Hmediumconst           mediumconst  000000
__HnvFARRAM              nvFARRAM     000000
__Hnvbit                 nvbit        000000
__Hnvrram                nvrram       000000
__Hparam                 rparam       000000
__Hpowerup               powerup      000000
__Hram                   ram          000000
__Hramtop                ramtop       002000
__Hrbit                  rbit         000000
__Hrbss                  rbss         000000
__Hrdata                 rdata        000000
__Hreset_vec             reset_vec    000004
__Hrparam                rparam       000000
__Hsfr                   sfr          000000
__Hsmallconst            smallconst   002002
__Hspace_0               (abs)        020000
__Hspace_1               (abs)        000024
__Hspace_2               (abs)        000000
__Hspace_4               (abs)        60000A
__Hstack                 stack        000000
__Hstruct                struct       000000
__Htemp                  temp         000000
__Htext                  text         000000
__Htext0                 text0        000000
__Htext1                 text1        000000
__Htext2                 text2        000000
__Htext3                 text3        000000
__Htext4                 text4        000000
__Htext5                 text5        000000
__Htext6                 text6        000000
__LRAM                   (abs)        000001
__L__absolute__          __absolute__ 000000
__Labs1                  abs1         000000
__Lbank0                 bank0        000000
__Lbank1                 bank1        000000
__Lbank10                bank10       000000
__Lbank11                bank11       000000
__Lbank12                bank12       000000
__Lbank13                bank13       000000
__Lbank14                bank14       000000
__Lbank15                bank15       000000
__Lbank16                bank16       000000
__Lbank17                bank17       000000
__Lbank18                bank18       000000
__Lbank19                bank19       000000
__Lbank2                 bank2        000000
__Lbank20                bank20       000000
__Lbank21                bank21       000000
__Lbank22                bank22       000000
__Lbank23                bank23       000000
__Lbank24                bank24       000000
__Lbank25                bank25       000000
__Lbank26                bank26       000000
__Lbank27                bank27       000000
__Lbank28                bank28       000000
__Lbank29                bank29       000000
__Lbank3                 bank3        000000
__Lbank30                bank30       000000
__Lbank31                bank31       000000
__Lbank4                 bank4        000000
__Lbank5                 bank5        000000
__Lbank6                 bank6        000000
__Lbank7                 bank7        000000
__Lbank8                 bank8        000000
__Lbank9                 bank9        000000
__Lbigbss                bigbss       000000
__Lbigdata               bigdata      000000
__Lbigram                bigram       000000
__Lbigsfr                bigsfr       000000
__Lbss                   bss          000000
__Lcinit                 cinit        000000
__Lclrtext               clrtext      000000
__Lcomram                comram       000000
__Lconfig                config       000000
__Lconst                 const        000000
__LcstackCOMRAM          cstackCOMRAM 000000
__Ldata                  data         000000
__LdataCOMRAM            dataCOMRAM   000000
__Leeprom_data           eeprom_data  000000
__Lfarbss                farbss       000000
__Lfardata               fardata      000000
__Lheap                  heap         000000
__Libigdata              ibigdata     000000
__Lidata                 idata        000000
__LidataCOMRAM           idataCOMRAM  000000
__Lidloc                 idloc        000000
__Lifardata              ifardata     000000
__Linit                  init         01FFFC
__Lintsave_regs          intsave_regs 000000
__Lirdata                irdata       000000
__Lmediumconst           mediumconst  000000
__LnvFARRAM              nvFARRAM     000000
__Lnvbit                 nvbit        000000
__Lnvrram                nvrram       000000
__Lparam                 rparam       000000
__Lpowerup               powerup      000000
__Lram                   ram          000000
__Lramtop                ramtop       002000
__Lrbit                  rbit         000000
__Lrbss                  rbss         000000
__Lrdata                 rdata        000000
__Lreset_vec             reset_vec    000000
__Lrparam                rparam       000000
__Lsfr                   sfr          000000
__Lsmallconst            smallconst   002000
__Lspace_0               (abs)        000000
__Lspace_1               (abs)        000000
__Lspace_2               (abs)        000000
__Lspace_4               (abs)        000000
__Lstack                 stack        000000
__Lstruct                struct       000000
__Ltemp                  temp         000000
__Ltext                  text         000000
__Ltext0                 text0        000000
__Ltext1                 text1        000000
__Ltext2                 text2        000000
__Ltext3                 text3        000000
__Ltext4                 text4        000000
__Ltext5                 text5        000000
__Ltext6                 text6        000000
__S0                     (abs)        020000
__S1                     (abs)        000024
__S4                     (abs)        000000
__S5                     (abs)        000000
___awdiv                 text6        0025F8
___awdiv@counter         cstackCOMRAM 000005
___awdiv@dividend        cstackCOMRAM 000001
___awdiv@divisor         cstackCOMRAM 000003
___awdiv@quotient        cstackCOMRAM 000007
___awdiv@sign            cstackCOMRAM 000006
___awmod                 text4        0026BA
___awmod@counter         cstackCOMRAM 000005
___awmod@dividend        cstackCOMRAM 000001
___awmod@divisor         cstackCOMRAM 000003
___awmod@sign            cstackCOMRAM 000006
___heap_hi               (abs)        000000
___heap_lo               (abs)        000000
___inthi_sp              stack        000000
___inthi_stack_hi        stack        000000
___inthi_stack_lo        stack        000000
___intlo_sp              stack        000000
___intlo_stack_hi        stack        000000
___intlo_stack_lo        stack        000000
___param_bank            (abs)        000000
___rparam_used           (abs)        000001
___sp                    stack        000000
___stack_hi              stack        000000
___stack_lo              stack        000000
___wmul                  text3        002768
___wmul@multiplicand     cstackCOMRAM 000003
___wmul@multiplier       cstackCOMRAM 000001
___wmul@product          cstackCOMRAM 000005
__accesstop              (abs)        000060
__activetblptr           (abs)        000003
__end_of___awdiv         text6        0026BA
__end_of___awmod         text4        002768
__end_of___wmul          text3        002792
__end_of__initialization cinit        0027B4
__end_of_calculate       text5        0025F8
__end_of_display         text2        002530
__end_of_main            text0        0022E4
__end_of_scanKeypad      text1        00244C
__initialization         cinit        002792
__mediumconst            smallconst   002000
__pcinit                 cinit        002792
__pcstackCOMRAM          cstackCOMRAM 000001
__pdataCOMRAM            dataCOMRAM   00001A
__pidataCOMRAM           idataCOMRAM  0027BA
__psmallconst            smallconst   002000
__ptext0                 text0        002002
__ptext1                 text1        0022E4
__ptext2                 text2        00244C
__ptext3                 text3        002768
__ptext4                 text4        0026BA
__ptext5                 text5        002530
__ptext6                 text6        0025F8
__ramtop                 ramtop       002000
__smallconst             smallconst   002000
_calculate               text5        002530
_display                 text2        00244C
_main                    text0        002002
_scanKeypad              text1        0022E4
_sevSeg                  dataCOMRAM   00001A
calculate@op             cstackCOMRAM 00000D
calculate@val1           cstackCOMRAM 000009
calculate@val2           cstackCOMRAM 00000B
display@dValue           cstackCOMRAM 000009
display@digit1           cstackCOMRAM 00000D
display@digit2           cstackCOMRAM 00000B
end_of_initialization    cinit        0027B4
intlevel0                text         000000
intlevel1                text         000000
intlevel2                text         000000
intlevel3                text         000000
isa$std                  (abs)        000001
isa$xinst                (abs)        000000
main@operator            cstackCOMRAM 000014
main@result              cstackCOMRAM 000012
main@ret1                cstackCOMRAM 000019
main@value1              cstackCOMRAM 000015
main@value2              cstackCOMRAM 000017
stackhi                  (abs)        000000
stacklo                  (abs)        000000
start                    init         01FFFC
start_initialization     cinit        002792


MODULE INFORMATION

Module		Function		Class		Link	Load	Size
C:\Program Files\Microchip\xc8\v3.00\pic\sources\c99\common\Umul16.c
		___wmul        		CODE           	2768	0000	42

C:\Program Files\Microchip\xc8\v3.00\pic\sources\c99\common\Umul16.c estimated size: 42

C:\Program Files\Microchip\xc8\v3.00\pic\sources\c99\common\awmod.c
		___awmod       		CODE           	26BA	0000	174

C:\Program Files\Microchip\xc8\v3.00\pic\sources\c99\common\awmod.c estimated size: 174

lab7.c
		_display       		CODE           	244C	0000	228
		_main          		CODE           	2002	0000	738
		_calculate     		CODE           	2530	0000	200
		_scanKeypad    		CODE           	22E4	0000	360

lab7.c estimated size: 1526

shared
		__initialization		CODE           	2792	0000	34

shared estimated size: 34

C:\Program Files\Microchip\xc8\v3.00\pic\sources\c99\common\awdiv.c
		___awdiv       		CODE           	25F8	0000	194

C:\Program Files\Microchip\xc8\v3.00\pic\sources\c99\common\awdiv.c estimated size: 194

