Microchip MPLAB XC8 Compiler V3.00

Linker command line:

-W-3 \
  --edf=C:\Program Files\Microchip\xc8\v3.00\pic\dat\20241204225717_en.msgs \
  -cn -h+dist/default/debug\SerialAssignment.X.debug.sym \
  --cmf=dist/default/debug\SerialAssignment.X.debug.cmf -z -Q18F47K42 \
  -oC:\Users\Jacob\AppData\Local\Temp\xcAsnag.\driver_tmp_3.o \
  --defsym=__MPLAB_BUILD=1 --fixupoverflow=error \
  -Mdist/default/debug/SerialAssignment.X.debug.map \
  --md=C:\Users\Jacob\AppData\Local\Temp\xcAsnag.\driver_tmp_0.dat -E1 \
  -ver=XC8 Compiler -ACODE=00h-01FFFFh -ACONST=00h-01FFFFh \
  -ASMALLCONST=02000h-020FFhx224,012000h-0120FFhx224 \
  -AMEDIUMCONST=02000h-0FFFFh,012000h-01FFFFh -ACOMRAM=01h-05Fh \
  -AABS1=00h-01FFFh -ABIGRAM=01h-01FFFh -ARAM=060h-0FFh,0100h-01FFhx31 \
  -ABANK0=060h-0FFh -ABANK1=0100h-01FFh -ABANK2=0200h-02FFh \
  -ABANK3=0300h-03FFh -ABANK4=0400h-04FFh -ABANK5=0500h-05FFh \
  -ABANK6=0600h-06FFh -ABANK7=0700h-07FFh -ABANK8=0800h-08FFh \
  -ABANK9=0900h-09FFh -ABANK10=0A00h-0AFFh -ABANK11=0B00h-0BFFh \
  -ABANK12=0C00h-0CFFh -ABANK13=0D00h-0DFFh -ABANK14=0E00h-0EFFh \
  -ABANK15=0F00h-0FFFh -ABANK16=01000h-010FFh -ABANK17=01100h-011FFh \
  -ABANK18=01200h-012FFh -ABANK19=01300h-013FFh -ABANK20=01400h-014FFh \
  -ABANK21=01500h-015FFh -ABANK22=01600h-016FFh -ABANK23=01700h-017FFh \
  -ABANK24=01800h-018FFh -ABANK25=01900h-019FFh -ABANK26=01A00h-01AFFh \
  -ABANK27=01B00h-01BFFh -ABANK28=01C00h-01CFFh -ABANK29=01D00h-01DFFh \
  -ABANK30=01E00h-01EFFh -ABANK31=01F00h-01FFFh \
  -ASFR=03800h-038FFhx7,03F00h-03F5Fh,03F60h-03FFFh -ABIGSFR=03800h-03FFFh \
  -ACONFIG=0300000h-0300009h -AIDLOC=0200000h-020000Fh \
  -AEEDATA=0310000h-03103FFh -peeprom_data=EEDATA -preset_vec=00h \
  -ppowerup=CODE,init -pramtop=02000h -psmallconst=SMALLCONST \
  -pmediumconst=MEDIUMCONST -pconst=CONST -AFARRAM=00h-00h \
  -prdata=COMRAM,nvrram=COMRAM,nvbit=COMRAM,rbss=COMRAM,rbit=COMRAM \
  -pfarbss=FARRAM,fardata=FARRAM,nvFARRAM=FARRAM \
  -pintsave_regs=BIGRAM,bigbss=BIGRAM,bigdata=BIGRAM -pbss=RAM \
  -pidata=CODE,irdata=CODE,ibigdata=CODE,ifardata=CODE -prparam=COMRAM \
  C:\Users\Jacob\AppData\Local\Temp\xcAsnag.\driver_tmp_14.o \
  dist/default/debug\SerialAssignment.X.debug.o 

Object code version is 3.11

Machine type is 18F47K42



                Name                               Link     Load   Length Selector   Space Scale
C:\Users\Jacob\AppData\Local\Temp\xcAsnag.\driver_tmp_14.o
                config                           300000   300000        A        0       4
                init                              1FFFC    1FFFC        4     FFFE       0
                reset_vec                             0        0        4        0       0
dist/default/debug\SerialAssignment.X.debug.o
                config                           300000   300000        A        0       4
                smallconst                         2000     2000       9E     1000       0
                text22                             2556     2556       12     104F       0
                text21                             2584     2584        E     104F       0
                text20                             2576     2576        E     104F       0
                text19                             2568     2568        E     104F       0
                text18                             238C     238C       46     104F       0
                text17                             2176     2176       88     104F       0
                text16                             24D4     24D4       22     104F       0
                text15                             24B2     24B2       22     104F       0
                text14                             2490     2490       22     104F       0
                text13                             2278     2278       6C     104F       0
                text12                             246E     246E       22     104F       0
                text11                             244C     244C       22     104F       0
                text10                             242A     242A       22     104F       0
                text9                              22E4     22E4       60     104F       0
                text8                              252E     252E       16     104F       0
                text7                              2402     2402       28     104F       0
                text6                              2592     2592        A     104F       0
                text5                              24F6     24F6       1E     104F       0
                text4                              209E     209E       D8     104F       0
                text3                              21FE     21FE       7A     104F       0
                text2                              2344     2344       48     104F       0
                text1                              2514     2514       1A     104F       0
                text0                              23D2     23D2       30     104F       0
                cstackCOMRAM                         45       45       18        1       1
                bssCOMRAM                             1        1       44        1       1
                cinit                              2544     2544       12     104F       0

TOTAL           Name                               Link     Load   Length     Space
        CLASS   CODE           
                init                              1FFFC    1FFFC        4         0
                reset_vec                             0        0        4         0
                text22                             2556     2556       12         0
                text21                             2584     2584        E         0
                text20                             2576     2576        E         0
                text19                             2568     2568        E         0
                text18                             238C     238C       46         0
                text17                             2176     2176       88         0
                text16                             24D4     24D4       22         0
                text15                             24B2     24B2       22         0
                text14                             2490     2490       22         0
                text13                             2278     2278       6C         0
                text12                             246E     246E       22         0
                text11                             244C     244C       22         0
                text10                             242A     242A       22         0
                text9                              22E4     22E4       60         0
                text8                              252E     252E       16         0
                text7                              2402     2402       28         0
                text6                              2592     2592        A         0
                text5                              24F6     24F6       1E         0
                text4                              209E     209E       D8         0
                text3                              21FE     21FE       7A         0
                text2                              2344     2344       48         0
                text1                              2514     2514       1A         0
                text0                              23D2     23D2       30         0
                cinit                              2544     2544       12         0

        CLASS   CONST          

        CLASS   SMALLCONST     
                smallconst                         2000     2000       9E         0

        CLASS   MEDIUMCONST    

        CLASS   COMRAM         
                cstackCOMRAM                         45       45       18         1
                bssCOMRAM                             1        1       44         1

        CLASS   ABS1           

        CLASS   BIGRAM         

        CLASS   RAM            

        CLASS   BANK0          

        CLASS   BANK1          

        CLASS   BANK2          

        CLASS   BANK3          

        CLASS   BANK4          

        CLASS   BANK5          

        CLASS   BANK6          

        CLASS   BANK7          

        CLASS   BANK8          

        CLASS   BANK9          

        CLASS   BANK10         

        CLASS   BANK11         

        CLASS   BANK12         

        CLASS   BANK13         

        CLASS   BANK14         

        CLASS   BANK15         

        CLASS   BANK16         

        CLASS   BANK17         

        CLASS   BANK18         

        CLASS   BANK19         

        CLASS   BANK20         

        CLASS   BANK21         

        CLASS   BANK22         

        CLASS   BANK23         

        CLASS   BANK24         

        CLASS   BANK25         

        CLASS   BANK26         

        CLASS   BANK27         

        CLASS   BANK28         

        CLASS   BANK29         

        CLASS   BANK30         

        CLASS   BANK31         

        CLASS   SFR            

        CLASS   BIGSFR         

        CLASS   CONFIG         
                config                           300000   300000        A         4

        CLASS   IDLOC          

        CLASS   EEDATA         

        CLASS   FARRAM         

        CLASS   HEAP           

        CLASS   STACK          



SEGMENTS        Name                           Load    Length   Top    Selector   Space  Class

                reset_vec                      000000  000004  000004         0       0  CODE    
                bssCOMRAM                      000001  00005C  00005D         1       1  COMRAM  
                smallconst                     002000  00009E  00209E      1000       0  SMALLCON
                text4                          00209E  0004FE  00259C      104F       0  CODE    
                init                           01FFFC  000004  020000      FFFE       0  CODE    


UNUSED ADDRESS RANGES

        Name                Unused          Largest block    Delta
        BANK0            000060-0000FF               A0
        BANK1            000100-0001FF              100
        BANK10           000A00-000AFF              100
        BANK11           000B00-000BFF              100
        BANK12           000C00-000CFF              100
        BANK13           000D00-000DFF              100
        BANK14           000E00-000EFF              100
        BANK15           000F00-000FFF              100
        BANK16           001000-0010FF              100
        BANK17           001100-0011FF              100
        BANK18           001200-0012FF              100
        BANK19           001300-0013FF              100
        BANK2            000200-0002FF              100
        BANK20           001400-0014FF              100
        BANK21           001500-0015FF              100
        BANK22           001600-0016FF              100
        BANK23           001700-0017FF              100
        BANK24           001800-0018FF              100
        BANK25           001900-0019FF              100
        BANK26           001A00-001AFF              100
        BANK27           001B00-001BFF              100
        BANK28           001C00-001CFF              100
        BANK29           001D00-001DFF              100
        BANK3            000300-0003FF              100
        BANK30           001E00-001EFF              100
        BANK31           001F00-001FFF              100
        BANK4            000400-0004FF              100
        BANK5            000500-0005FF              100
        BANK6            000600-0006FF              100
        BANK7            000700-0007FF              100
        BANK8            000800-0008FF              100
        BANK9            000900-0009FF              100
        BIGRAM           00005D-001FFF             1FA3
        BIGSFR           003800-003FFF              800
        CODE             000004-001FFF             1FFC
                         00259C-01FFFB            1DA60
        COMRAM           00005D-00005F                3
        CONST            000004-001FFF             1FFC
                         00259C-01FFFB            1DA60
        EEDATA           310000-3103FF              400
        IDLOC            200000-20000F               10
        MEDIUMCONST      00259C-00FFFF             DA64
                         012000-01FFFB             DFFC
        RAM              000060-001FFF              100
        SFR              003800-003FFF              100
        SMALLCONST       00259C-00FFFF              100
                         012000-01FFFB              100

                                  Symbol Table

?_printf                                           cstackCOMRAM 000059
?_vfprintf                                         cstackCOMRAM 000054
INT0_SetInterruptHandler@InterruptHandler          cstackCOMRAM 000045
INT1_SetInterruptHandler@InterruptHandler          cstackCOMRAM 000045
INT2_SetInterruptHandler@InterruptHandler          cstackCOMRAM 000045
UART1_FramingErrorCallbackRegister@callbackHandler cstackCOMRAM 000045
UART1_OverrunErrorCallbackRegister@callbackHandler cstackCOMRAM 000045
UART1_ParityErrorCallbackRegister@callbackHandler  cstackCOMRAM 000045
UART2_FramingErrorCallbackRegister@callbackHandler cstackCOMRAM 000045
UART2_OverrunErrorCallbackRegister@callbackHandler cstackCOMRAM 000045
UART2_ParityErrorCallbackRegister@callbackHandler  cstackCOMRAM 000045
UART2_Write@txData                                 cstackCOMRAM 000045
_ANSELA                                            (abs)        003A40
_ANSELB                                            (abs)        003A50
_ANSELC                                            (abs)        003A60
_ANSELD                                            (abs)        003A70
_ANSELE                                            (abs)        003A80
_CLOCK_Initialize                                  text22       002556
_INLVLA                                            (abs)        003A44
_INLVLB                                            (abs)        003A54
_INLVLC                                            (abs)        003A64
_INLVLD                                            (abs)        003A74
_INLVLE                                            (abs)        003A84
_INT0_DefaultInterruptHandler                      (abs)        000000
_INT0_InterruptHandler                             bssCOMRAM    000027
_INT0_SetInterruptHandler                          text21       002584
_INT1_DefaultInterruptHandler                      (abs)        000000
_INT1_InterruptHandler                             bssCOMRAM    000024
_INT1_SetInterruptHandler                          text20       002576
_INT2_DefaultInterruptHandler                      (abs)        000000
_INT2_InterruptHandler                             bssCOMRAM    000021
_INT2_SetInterruptHandler                          text19       002568
_INTCON0bits                                       (abs)        003FD2
_INTERRUPT_Initialize                              text18       00238C
_IOCAF                                             (abs)        003A47
_IOCAN                                             (abs)        003A46
_IOCAP                                             (abs)        003A45
_IOCBF                                             (abs)        003A57
_IOCBN                                             (abs)        003A56
_IOCBP                                             (abs)        003A55
_IOCCF                                             (abs)        003A67
_IOCCN                                             (abs)        003A66
_IOCCP                                             (abs)        003A65
_IOCEF                                             (abs)        003A87
_IOCEN                                             (abs)        003A86
_IOCEP                                             (abs)        003A85
_LATA                                              (abs)        003FBA
_LATB                                              (abs)        003FBB
_LATC                                              (abs)        003FBC
_LATD                                              (abs)        003FBD
_LATE                                              (abs)        003FBE
_ODCONA                                            (abs)        003A42
_ODCONB                                            (abs)        003A52
_ODCONC                                            (abs)        003A62
_ODCOND                                            (abs)        003A72
_ODCONE                                            (abs)        003A82
_OSCCON1                                           (abs)        0039D9
_OSCCON3                                           (abs)        0039DB
_OSCEN                                             (abs)        0039DD
_OSCFRQ                                            (abs)        0039DF
_OSCTUNE                                           (abs)        0039DE
_PIN_MANAGER_Initialize                            text17       002176
_PIR1bits                                          (abs)        0039A1
_PIR5bits                                          (abs)        0039A5
_PIR7bits                                          (abs)        0039A7
_RB1I2C                                            (abs)        003A5A
_RB2I2C                                            (abs)        003A5B
_RC3I2C                                            (abs)        003A6A
_RC4I2C                                            (abs)        003A6B
_RD0I2C                                            (abs)        003A7A
_RD0PPS                                            (abs)        003A18
_RD1I2C                                            (abs)        003A7B
_SLRCONA                                           (abs)        003A43
_SLRCONB                                           (abs)        003A53
_SLRCONC                                           (abs)        003A63
_SLRCOND                                           (abs)        003A73
_SLRCONE                                           (abs)        003A83
_SYSTEM_Initialize                                 text8        00252E
_TRISA                                             (abs)        003FC2
_TRISB                                             (abs)        003FC3
_TRISC                                             (abs)        003FC4
_TRISD                                             (abs)        003FC5
_TRISE                                             (abs)        003FC6
_U1BRGH                                            (abs)        003DF6
_U1BRGL                                            (abs)        003DF5
_U1CON0                                            (abs)        003DF2
_U1CON0bits                                        (abs)        003DF2
_U1CON1                                            (abs)        003DF3
_U1CON1bits                                        (abs)        003DF3
_U1CON2                                            (abs)        003DF4
_U1ERRIE                                           (abs)        003DFA
_U1ERRIR                                           (abs)        003DF9
_U1ERRIRbits                                       (abs)        003DF9
_U1FIFO                                            (abs)        003DF7
_U1FIFObits                                        (abs)        003DF7
_U1P1H                                             (abs)        003DED
_U1P1L                                             (abs)        003DEC
_U1P2H                                             (abs)        003DEF
_U1P2L                                             (abs)        003DEE
_U1P3H                                             (abs)        003DF1
_U1P3L                                             (abs)        003DF0
_U1RXB                                             (abs)        003DE8
_U1RXCHK                                           (abs)        003DE9
_U1RXPPS                                           (abs)        003AE5
_U1TXB                                             (abs)        003DEA
_U1TXCHK                                           (abs)        003DEB
_U1UIR                                             (abs)        003DF8
_U1UIRbits                                         (abs)        003DF8
_U2BRGH                                            (abs)        003DDE
_U2BRGL                                            (abs)        003DDD
_U2CON0                                            (abs)        003DDA
_U2CON0bits                                        (abs)        003DDA
_U2CON1                                            (abs)        003DDB
_U2CON1bits                                        (abs)        003DDB
_U2CON2                                            (abs)        003DDC
_U2ERRIE                                           (abs)        003DE2
_U2ERRIR                                           (abs)        003DE1
_U2ERRIRbits                                       (abs)        003DE1
_U2FIFO                                            (abs)        003DDF
_U2FIFObits                                        (abs)        003DDF
_U2P1L                                             (abs)        003DD4
_U2P2L                                             (abs)        003DD6
_U2P3L                                             (abs)        003DD8
_U2RXB                                             (abs)        003DD0
_U2RXPPS                                           (abs)        003AE8
_U2TXB                                             (abs)        003DD2
_U2UIR                                             (abs)        003DE0
_U2UIRbits                                         (abs)        003DE0
_UART1                                             smallconst   002049
_UART1_AutoBaudQuery                               (abs)        000000
_UART1_AutoBaudSet                                 (abs)        000000
_UART1_DefaultFramingErrorCallback                 (abs)        000000
_UART1_DefaultOverrunErrorCallback                 (abs)        000000
_UART1_DefaultParityErrorCallback                  (abs)        000000
_UART1_Deinitialize                                (abs)        000000
_UART1_ErrorGet                                    (abs)        000000
_UART1_FramingErrorCallbackRegister                text16       0024D4
_UART1_FramingErrorHandler                         bssCOMRAM    000039
_UART1_Initialize                                  text13       002278
_UART1_IsRxReady                                   (abs)        000000
_UART1_IsTxDone                                    (abs)        000000
_UART1_IsTxReady                                   (abs)        000000
_UART1_OverrunErrorCallbackRegister                text15       0024B2
_UART1_OverrunErrorHandler                         bssCOMRAM    000036
_UART1_ParityErrorCallbackRegister                 text14       002490
_UART1_ParityErrorHandler                          bssCOMRAM    000033
_UART1_Read                                        (abs)        000000
_UART1_TransmitDisable                             (abs)        000000
_UART1_TransmitEnable                              (abs)        000000
_UART1_Write                                       (abs)        000000
_UART2                                             smallconst   002001
_UART2_AutoBaudQuery                               (abs)        000000
_UART2_AutoBaudSet                                 (abs)        000000
_UART2_DefaultFramingErrorCallback                 (abs)        000000
_UART2_DefaultOverrunErrorCallback                 (abs)        000000
_UART2_DefaultParityErrorCallback                  (abs)        000000
_UART2_Deinitialize                                (abs)        000000
_UART2_ErrorGet                                    (abs)        000000
_UART2_FramingErrorCallbackRegister                text12       00246E
_UART2_FramingErrorHandler                         bssCOMRAM    000030
_UART2_Initialize                                  text9        0022E4
_UART2_IsRxReady                                   (abs)        000000
_UART2_IsTxDone                                    (abs)        000000
_UART2_IsTxReady                                   text7        002402
_UART2_IsTxReady$1100                              cstackCOMRAM 000045
_UART2_OverrunErrorCallbackRegister                text11       00244C
_UART2_OverrunErrorHandler                         bssCOMRAM    00002D
_UART2_ParityErrorCallbackRegister                 text10       00242A
_UART2_ParityErrorHandler                          bssCOMRAM    00002A
_UART2_Read                                        (abs)        000000
_UART2_TransmitDisable                             (abs)        000000
_UART2_TransmitEnable                              (abs)        000000
_UART2_Write                                       text6        002592
_WPUA                                              (abs)        003A41
_WPUB                                              (abs)        003A51
_WPUC                                              (abs)        003A61
_WPUD                                              (abs)        003A71
_WPUE                                              (abs)        003A81
__HRAM                                             (abs)        000000
__H__absolute__                                    __absolute__ 000000
__Habs1                                            abs1         000000
__Hbank0                                           bank0        000000
__Hbank1                                           bank1        000000
__Hbank10                                          bank10       000000
__Hbank11                                          bank11       000000
__Hbank12                                          bank12       000000
__Hbank13                                          bank13       000000
__Hbank14                                          bank14       000000
__Hbank15                                          bank15       000000
__Hbank16                                          bank16       000000
__Hbank17                                          bank17       000000
__Hbank18                                          bank18       000000
__Hbank19                                          bank19       000000
__Hbank2                                           bank2        000000
__Hbank20                                          bank20       000000
__Hbank21                                          bank21       000000
__Hbank22                                          bank22       000000
__Hbank23                                          bank23       000000
__Hbank24                                          bank24       000000
__Hbank25                                          bank25       000000
__Hbank26                                          bank26       000000
__Hbank27                                          bank27       000000
__Hbank28                                          bank28       000000
__Hbank29                                          bank29       000000
__Hbank3                                           bank3        000000
__Hbank30                                          bank30       000000
__Hbank31                                          bank31       000000
__Hbank4                                           bank4        000000
__Hbank5                                           bank5        000000
__Hbank6                                           bank6        000000
__Hbank7                                           bank7        000000
__Hbank8                                           bank8        000000
__Hbank9                                           bank9        000000
__Hbigbss                                          bigbss       000000
__Hbigdata                                         bigdata      000000
__Hbigram                                          bigram       000000
__Hbigsfr                                          bigsfr       000000
__Hbss                                             bss          000000
__HbssCOMRAM                                       bssCOMRAM    000000
__Hcinit                                           cinit        000000
__Hclrtext                                         clrtext      000000
__Hcomram                                          comram       000000
__Hconfig                                          config       30000A
__Hconst                                           const        000000
__HcstackCOMRAM                                    cstackCOMRAM 000000
__Hdata                                            data         000000
__Heeprom_data                                     eeprom_data  000000
__Hfarbss                                          farbss       000000
__Hfardata                                         fardata      000000
__Hheap                                            heap         000000
__Hibigdata                                        ibigdata     000000
__Hidata                                           idata        000000
__Hidloc                                           idloc        000000
__Hifardata                                        ifardata     000000
__Hinit                                            init         020000
__Hintsave_regs                                    intsave_regs 000000
__Hirdata                                          irdata       000000
__Hmediumconst                                     mediumconst  000000
__HnvFARRAM                                        nvFARRAM     000000
__Hnvbit                                           nvbit        000000
__Hnvrram                                          nvrram       000000
__Hparam                                           rparam       000000
__Hpowerup                                         powerup      000000
__Hram                                             ram          000000
__Hramtop                                          ramtop       002000
__Hrbit                                            rbit         000000
__Hrbss                                            rbss         000000
__Hrdata                                           rdata        000000
__Hreset_vec                                       reset_vec    000004
__Hrparam                                          rparam       000000
__Hsfr                                             sfr          000000
__Hsmallconst                                      smallconst   00209E
__Hspace_0                                         (abs)        020000
__Hspace_1                                         (abs)        00005D
__Hspace_2                                         (abs)        000000
__Hspace_4                                         (abs)        60000A
__Hstack                                           stack        000000
__Hstruct                                          struct       000000
__Htemp                                            temp         000000
__Htext                                            text         000000
__Htext0                                           text0        000000
__Htext1                                           text1        000000
__Htext10                                          text10       000000
__Htext11                                          text11       000000
__Htext12                                          text12       000000
__Htext13                                          text13       000000
__Htext14                                          text14       000000
__Htext15                                          text15       000000
__Htext16                                          text16       000000
__Htext17                                          text17       000000
__Htext18                                          text18       000000
__Htext19                                          text19       000000
__Htext2                                           text2        000000
__Htext20                                          text20       000000
__Htext21                                          text21       000000
__Htext22                                          text22       000000
__Htext3                                           text3        000000
__Htext4                                           text4        000000
__Htext5                                           text5        000000
__Htext6                                           text6        000000
__Htext7                                           text7        000000
__Htext8                                           text8        000000
__Htext9                                           text9        000000
__LRAM                                             (abs)        000001
__L__absolute__                                    __absolute__ 000000
__Labs1                                            abs1         000000
__Lbank0                                           bank0        000000
__Lbank1                                           bank1        000000
__Lbank10                                          bank10       000000
__Lbank11                                          bank11       000000
__Lbank12                                          bank12       000000
__Lbank13                                          bank13       000000
__Lbank14                                          bank14       000000
__Lbank15                                          bank15       000000
__Lbank16                                          bank16       000000
__Lbank17                                          bank17       000000
__Lbank18                                          bank18       000000
__Lbank19                                          bank19       000000
__Lbank2                                           bank2        000000
__Lbank20                                          bank20       000000
__Lbank21                                          bank21       000000
__Lbank22                                          bank22       000000
__Lbank23                                          bank23       000000
__Lbank24                                          bank24       000000
__Lbank25                                          bank25       000000
__Lbank26                                          bank26       000000
__Lbank27                                          bank27       000000
__Lbank28                                          bank28       000000
__Lbank29                                          bank29       000000
__Lbank3                                           bank3        000000
__Lbank30                                          bank30       000000
__Lbank31                                          bank31       000000
__Lbank4                                           bank4        000000
__Lbank5                                           bank5        000000
__Lbank6                                           bank6        000000
__Lbank7                                           bank7        000000
__Lbank8                                           bank8        000000
__Lbank9                                           bank9        000000
__Lbigbss                                          bigbss       000000
__Lbigdata                                         bigdata      000000
__Lbigram                                          bigram       000000
__Lbigsfr                                          bigsfr       000000
__Lbss                                             bss          000000
__LbssCOMRAM                                       bssCOMRAM    000000
__Lcinit                                           cinit        000000
__Lclrtext                                         clrtext      000000
__Lcomram                                          comram       000000
__Lconfig                                          config       000000
__Lconst                                           const        000000
__LcstackCOMRAM                                    cstackCOMRAM 000000
__Ldata                                            data         000000
__Leeprom_data                                     eeprom_data  000000
__Lfarbss                                          farbss       000000
__Lfardata                                         fardata      000000
__Lheap                                            heap         000000
__Libigdata                                        ibigdata     000000
__Lidata                                           idata        000000
__Lidloc                                           idloc        000000
__Lifardata                                        ifardata     000000
__Linit                                            init         01FFFC
__Lintsave_regs                                    intsave_regs 000000
__Lirdata                                          irdata       000000
__Lmediumconst                                     mediumconst  000000
__LnvFARRAM                                        nvFARRAM     000000
__Lnvbit                                           nvbit        000000
__Lnvrram                                          nvrram       000000
__Lparam                                           rparam       000000
__Lpowerup                                         powerup      000000
__Lram                                             ram          000000
__Lramtop                                          ramtop       002000
__Lrbit                                            rbit         000000
__Lrbss                                            rbss         000000
__Lrdata                                           rdata        000000
__Lreset_vec                                       reset_vec    000000
__Lrparam                                          rparam       000000
__Lsfr                                             sfr          000000
__Lsmallconst                                      smallconst   002000
__Lspace_0                                         (abs)        000000
__Lspace_1                                         (abs)        000000
__Lspace_2                                         (abs)        000000
__Lspace_4                                         (abs)        000000
__Lstack                                           stack        000000
__Lstruct                                          struct       000000
__Ltemp                                            temp         000000
__Ltext                                            text         000000
__Ltext0                                           text0        000000
__Ltext1                                           text1        000000
__Ltext10                                          text10       000000
__Ltext11                                          text11       000000
__Ltext12                                          text12       000000
__Ltext13                                          text13       000000
__Ltext14                                          text14       000000
__Ltext15                                          text15       000000
__Ltext16                                          text16       000000
__Ltext17                                          text17       000000
__Ltext18                                          text18       000000
__Ltext19                                          text19       000000
__Ltext2                                           text2        000000
__Ltext20                                          text20       000000
__Ltext21                                          text21       000000
__Ltext22                                          text22       000000
__Ltext3                                           text3        000000
__Ltext4                                           text4        000000
__Ltext5                                           text5        000000
__Ltext6                                           text6        000000
__Ltext7                                           text7        000000
__Ltext8                                           text8        000000
__Ltext9                                           text9        000000
__S0                                               (abs)        020000
__S1                                               (abs)        00005D
__S4                                               (abs)        000000
__S5                                               (abs)        000000
___heap_hi                                         (abs)        000000
___heap_lo                                         (abs)        000000
___inthi_sp                                        stack        000000
___inthi_stack_hi                                  stack        000000
___inthi_stack_lo                                  stack        000000
___intlo_sp                                        stack        000000
___intlo_stack_hi                                  stack        000000
___intlo_stack_lo                                  stack        000000
___param_bank                                      (abs)        000000
___rparam_used                                     (abs)        000001
___sp                                              stack        000000
___stack_hi                                        stack        000000
___stack_lo                                        stack        000000
__accesstop                                        (abs)        000060
__activetblptr                                     (abs)        000003
__end_of_CLOCK_Initialize                          text22       002568
__end_of_INT0_SetInterruptHandler                  text21       002592
__end_of_INT1_SetInterruptHandler                  text20       002584
__end_of_INT2_SetInterruptHandler                  text19       002576
__end_of_INTERRUPT_Initialize                      text18       0023D2
__end_of_PIN_MANAGER_Initialize                    text17       0021FE
__end_of_SYSTEM_Initialize                         text8        002544
__end_of_UART1                                     smallconst   002091
__end_of_UART1_FramingErrorCallbackRegister        text16       0024F6
__end_of_UART1_Initialize                          text13       0022E4
__end_of_UART1_OverrunErrorCallbackRegister        text15       0024D4
__end_of_UART1_ParityErrorCallbackRegister         text14       0024B2
__end_of_UART2                                     smallconst   002049
__end_of_UART2_FramingErrorCallbackRegister        text12       002490
__end_of_UART2_Initialize                          text9        002344
__end_of_UART2_IsTxReady                           text7        00242A
__end_of_UART2_OverrunErrorCallbackRegister        text11       00246E
__end_of_UART2_ParityErrorCallbackRegister         text10       00244C
__end_of_UART2_Write                               text6        00259C
__end_of__initialization                           cinit        002550
__end_of_fputc                                     text4        002176
__end_of_main                                      text0        002402
__end_of_printf                                    text1        00252E
__end_of_putch                                     text5        002514
__end_of_vfpfcnvrt                                 text3        002278
__end_of_vfprintf                                  text2        00238C
__initialization                                   cinit        002544
__mediumconst                                      smallconst   002000
__pbssCOMRAM                                       bssCOMRAM    000001
__pcinit                                           cinit        002544
__pcstackCOMRAM                                    cstackCOMRAM 000045
__psmallconst                                      smallconst   002000
__ptext0                                           text0        0023D2
__ptext1                                           text1        002514
__ptext10                                          text10       00242A
__ptext11                                          text11       00244C
__ptext12                                          text12       00246E
__ptext13                                          text13       002278
__ptext14                                          text14       002490
__ptext15                                          text15       0024B2
__ptext16                                          text16       0024D4
__ptext17                                          text17       002176
__ptext18                                          text18       00238C
__ptext19                                          text19       002568
__ptext2                                           text2        002344
__ptext20                                          text20       002576
__ptext21                                          text21       002584
__ptext22                                          text22       002556
__ptext3                                           text3        0021FE
__ptext4                                           text4        00209E
__ptext5                                           text5        0024F6
__ptext6                                           text6        002592
__ptext7                                           text7        002402
__ptext8                                           text8        00252E
__ptext9                                           text9        0022E4
__ramtop                                           ramtop       002000
__smallconst                                       smallconst   002000
_flags                                             bssCOMRAM    000044
_fputc                                             text4        00209E
_main                                              text0        0023D2
_prec                                              bssCOMRAM    00003E
_printf                                            text1        002514
_putch                                             text5        0024F6
_uart1RxLastError                                  bssCOMRAM    000042
_uart2RxLastError                                  bssCOMRAM    000040
_vfpfcnvrt                                         text3        0021FE
_vfprintf                                          text2        002344
_width                                             bssCOMRAM    00003C
end_of_initialization                              cinit        002550
fputc@c                                            cstackCOMRAM 000047
fputc@fp                                           cstackCOMRAM 000049
intlevel0                                          text         000000
intlevel1                                          text         000000
intlevel2                                          text         000000
intlevel3                                          text         000000
isa$std                                            (abs)        000001
isa$xinst                                          (abs)        000000
printf@ap                                          cstackCOMRAM 00005A
printf@fmt                                         cstackCOMRAM 000059
putch@txData                                       cstackCOMRAM 000046
stackhi                                            (abs)        000000
stacklo                                            (abs)        000000
start                                              init         01FFFC
start_initialization                               cinit        002544
vfpfcnvrt@ap                                       cstackCOMRAM 000053
vfpfcnvrt@fmt                                      cstackCOMRAM 000052
vfpfcnvrt@fp                                       cstackCOMRAM 000050
vfprintf@ap                                        cstackCOMRAM 000057
vfprintf@cfmt                                      cstackCOMRAM 000058
vfprintf@fmt                                       cstackCOMRAM 000056
vfprintf@fp                                        cstackCOMRAM 000054


MODULE INFORMATION

Module		Function		Class		Link	Load	Size
C:\Program Files\Microchip\xc8\v3.00\pic\sources\c99\common\nf_fputc.c
		_fputc         		CODE           	209E	0000	216

C:\Program Files\Microchip\xc8\v3.00\pic\sources\c99\common\nf_fputc.c estimated size: 216

mcc_generated_files/system/src/interrupt.c
		_INT0_SetInterruptHandler		CODE           	2584	0000	14
		_INT1_SetInterruptHandler		CODE           	2576	0000	14
		_INT2_SetInterruptHandler		CODE           	2568	0000	14
		_INTERRUPT_Initialize		CODE           	238C	0000	70

mcc_generated_files/system/src/interrupt.c estimated size: 112

C:\Program Files\Microchip\xc8\v3.00\pic\sources\c99\common\printf.c
		_printf        		CODE           	2514	0000	26

C:\Program Files\Microchip\xc8\v3.00\pic\sources\c99\common\printf.c estimated size: 26

mcc_generated_files/uart/src/uart1.c
		_UART1_FramingErrorCallbackRegister		CODE           	24D4	0000	34
		_UART1_OverrunErrorCallbackRegister		CODE           	24B2	0000	34
		_UART1_Initialize		CODE           	2278	0000	108
		_UART1_ParityErrorCallbackRegister		CODE           	2490	0000	34

mcc_generated_files/uart/src/uart1.c estimated size: 210

mcc_generated_files/system/src/pins.c
		_PIN_MANAGER_Initialize		CODE           	2176	0000	136

mcc_generated_files/system/src/pins.c estimated size: 136

shared
		__initialization		CODE           	2544	0000	12
		_UART1         		SMALLCONST     	2049	0000	72
		_UART2         		SMALLCONST     	2001	0000	72

shared estimated size: 156

mcc_generated_files/system/src/clock.c
		_CLOCK_Initialize		CODE           	2556	0000	18

mcc_generated_files/system/src/clock.c estimated size: 18

main.c
		_main          		CODE           	23D2	0000	48

main.c estimated size: 48

C:\Program Files\Microchip\xc8\v3.00\pic\sources\c99\common\doprnt.c
		_vfpfcnvrt     		CODE           	21FE	0000	122
		_vfprintf      		CODE           	2344	0000	72

C:\Program Files\Microchip\xc8\v3.00\pic\sources\c99\common\doprnt.c estimated size: 194

mcc_generated_files/uart/src/uart2.c
		_UART2_ParityErrorCallbackRegister		CODE           	242A	0000	34
		_putch         		CODE           	24F6	0000	30
		_UART2_IsTxReady		CODE           	2402	0000	40
		_UART2_Write   		CODE           	2592	0000	10
		_UART2_FramingErrorCallbackRegister		CODE           	246E	0000	34
		_UART2_OverrunErrorCallbackRegister		CODE           	244C	0000	34
		_UART2_Initialize		CODE           	22E4	0000	96

mcc_generated_files/uart/src/uart2.c estimated size: 278

mcc_generated_files/system/src/system.c
		_SYSTEM_Initialize		CODE           	252E	0000	22

mcc_generated_files/system/src/system.c estimated size: 22

