Microchip MPLAB XC8 Compiler V3.00

Linker command line:

-W-3 \
  --edf=C:\Program Files\Microchip\xc8\v3.00\pic\dat\20241204225717_en.msgs \
  -pivt0x8=08h -cn -h+dist/default/production\Assignment9.X.production.sym \
  --cmf=dist/default/production\Assignment9.X.production.cmf -z -Q18F47K42 \
  -oC:\Users\Jacob\AppData\Local\Temp\xcAsqkc.\driver_tmp_3.o \
  --defsym=__MPLAB_BUILD=1 --fixupoverflow=error \
  -Mdist/default/production/Assignment9.X.production.map \
  --md=C:\Users\Jacob\AppData\Local\Temp\xcAsqkc.\driver_tmp_0.dat -E1 \
  -ver=XC8 Compiler -ACODE=00h-01FFFFh -ACONST=00h-01FFFFh \
  -ASMALLCONST=02000h-020FFhx224,012000h-0120FFhx224 \
  -AMEDIUMCONST=02000h-0FFFFh,012000h-01FFFFh -ACOMRAM=01h-05Fh \
  -AABS1=00h-01FFFh -ABIGRAM=01h-01FFFh -ARAM=060h-0FFh,0100h-01FFhx31 \
  -ABANK0=060h-0FFh -ABANK1=0100h-01FFh -ABANK2=0200h-02FFh \
  -ABANK3=0300h-03FFh -ABANK4=0400h-04FFh -ABANK5=0500h-05FFh \
  -ABANK6=0600h-06FFh -ABANK7=0700h-07FFh -ABANK8=0800h-08FFh \
  -ABANK9=0900h-09FFh -ABANK10=0A00h-0AFFh -ABANK11=0B00h-0BFFh \
  -ABANK12=0C00h-0CFFh -ABANK13=0D00h-0DFFh -ABANK14=0E00h-0EFFh \
  -ABANK15=0F00h-0FFFh -ABANK16=01000h-010FFh -ABANK17=01100h-011FFh \
  -ABANK18=01200h-012FFh -ABANK19=01300h-013FFh -ABANK20=01400h-014FFh \
  -ABANK21=01500h-015FFh -ABANK22=01600h-016FFh -ABANK23=01700h-017FFh \
  -ABANK24=01800h-018FFh -ABANK25=01900h-019FFh -ABANK26=01A00h-01AFFh \
  -ABANK27=01B00h-01BFFh -ABANK28=01C00h-01CFFh -ABANK29=01D00h-01DFFh \
  -ABANK30=01E00h-01EFFh -ABANK31=01F00h-01FFFh \
  -ASFR=03800h-038FFhx7,03F00h-03F5Fh,03F60h-03FFFh -ABIGSFR=03800h-03FFFh \
  -ACONFIG=0300000h-0300009h -AIDLOC=0200000h-020000Fh \
  -AEEDATA=0310000h-03103FFh -peeprom_data=EEDATA -preset_vec=00h \
  -ppowerup=CODE,init -pramtop=02000h -psmallconst=SMALLCONST \
  -pmediumconst=MEDIUMCONST -pconst=CONST -AFARRAM=00h-00h \
  -prdata=COMRAM,nvrram=COMRAM,nvbit=COMRAM,rbss=COMRAM,rbit=COMRAM \
  -pfarbss=FARRAM,fardata=FARRAM,nvFARRAM=FARRAM \
  -pintsave_regs=BIGRAM,bigbss=BIGRAM,bigdata=BIGRAM -pbss=RAM \
  -pidata=CODE,irdata=CODE,ibigdata=CODE,ifardata=CODE -prparam=COMRAM \
  dist/default/production\startup.o \
  dist/default/production\Assignment9.X.production.o 

Object code version is 3.11

Machine type is 18F47K42



                Name                               Link     Load   Length Selector   Space Scale
dist/default/production\startup.o
                config                           300000   300000        A        0       4
                init                                 AE       AE        4        4       0
                reset_vec                             0        0        4        0       0
dist/default/production\Assignment9.X.production.o
                config                           300000   300000        A        0       4
                smallconst                         2000     2000       2A     1000       0
                ivt0x8                                8        8       A6        4       0
                text48                             49C8     49C8       6A     1272       0
                text47                             4D64     4D64       46     1272       0
                text46                             4BFE     4BFE       4A     1272       0
                text45                             4F28     4F28       26     1272       0
                text44                             4EFE     4EFE       2A     1272       0
                text43                             4FDC     4FDC        8     1272       0
                text42                             4F4E     4F4E       1E     1272       0
                text41                             48EA     48EA       72     1015       0
                text40                             4DEA     4DEA       40     1272       0
                text39                             4F9E     4F9E       16     1272       0
                text38                             4ECE     4ECE       30     1272       0
                text37                             4FC8     4FC8       14     1272       0
                text36                             4F6C     4F6C       1C     1272       0
                text35                             4F88     4F88       16     1272       0
                text34                             4FEA     4FEA        4     1272       0
                text33                             4FE4     4FE4        6     1272       0
                text32                             4846     4846       A4     1015       0
                text31                             495C     495C       6A     1015       0
                text30                             44C8     44C8       C2     1015       0
                text29                             4642     4642       AE     1015       0
                text28                             4E9A     4E9A       34     1272       0
                text27                             4FEE     4FEE        2     1272       0
                text26                             46F0     46F0       AC     1015       0
                text25                             4DAA     4DAA       40     1272       0
                text24                             4A32     4A32       66     1272       0
                text23                             3F18     3F18      17A     1015       0
                text22                             3310     3310      390     1015       0
                text21                             479C     479C       AA     1015       0
                text20                             42C6     42C6      104     1015       0
                text19                             2EC6     2EC6      44A     1015       0
                text18                             4E62     4E62       38     1272       0
                text17                             2A10     2A10      4B6     1015       0
                text16                             4D1E     4D1E       46     1272       0
                text15                             41C0     41C0      106     1015       0
                text14                             43CA     43CA       FE     1015       0
                text13                             3B52     3B52      212     1015       0
                text12                             4B54     4B54       56     1272       0
                text11                             4AFA     4AFA       5A     1272       0
                text10                             4CD8     4CD8       46     1272       0
                text9                              202A     202A      9E6     1015       0
                text8                              458A     458A       B8     1015       0
                text7                              36A0     36A0      29C     1015       0
                text6                              4C90     4C90       48     1272       0
                text5                              4E2A     4E2A       38     1272       0
                text4                              393C     393C      216     1015       0
                text3                              3D64     3D64      1B4     1015       0
                text2                              4A98     4A98       62     1272       0
                text1                              4092     4092      12E     1015       0
                text0                              4C48     4C48       48     1272       0
                cstackCOMRAM                          1        1       57        1       1
                cstackBANK0                          60       60       7A       60       1
                bssBANK1                            100      100       50      100       1
                dataBANK0                            DA       DA       14       60       1
                bssBANK0                             EE       EE        9       60       1
                bssCOMRAM                            58       58        4        1       1
                cinit                              4BAA     4BAA       54     1272       0
                idataBANK0                         4FB4     4FB4       14     1272       0

TOTAL           Name                               Link     Load   Length     Space
        CLASS   CODE           
                init                                 AE       AE        4         0
                reset_vec                             0        0        4         0
                ivt0x8                                8        8       A6         0
                text48                             49C8     49C8       6A         0
                text47                             4D64     4D64       46         0
                text46                             4BFE     4BFE       4A         0
                text45                             4F28     4F28       26         0
                text44                             4EFE     4EFE       2A         0
                text43                             4FDC     4FDC        8         0
                text42                             4F4E     4F4E       1E         0
                text41                             48EA     48EA       72         0
                text40                             4DEA     4DEA       40         0
                text39                             4F9E     4F9E       16         0
                text38                             4ECE     4ECE       30         0
                text37                             4FC8     4FC8       14         0
                text36                             4F6C     4F6C       1C         0
                text35                             4F88     4F88       16         0
                text34                             4FEA     4FEA        4         0
                text33                             4FE4     4FE4        6         0
                text32                             4846     4846       A4         0
                text31                             495C     495C       6A         0
                text30                             44C8     44C8       C2         0
                text29                             4642     4642       AE         0
                text28                             4E9A     4E9A       34         0
                text27                             4FEE     4FEE        2         0
                text26                             46F0     46F0       AC         0
                text25                             4DAA     4DAA       40         0
                text24                             4A32     4A32       66         0
                text23                             3F18     3F18      17A         0
                text22                             3310     3310      390         0
                text21                             479C     479C       AA         0
                text20                             42C6     42C6      104         0
                text19                             2EC6     2EC6      44A         0
                text18                             4E62     4E62       38         0
                text17                             2A10     2A10      4B6         0
                text16                             4D1E     4D1E       46         0
                text15                             41C0     41C0      106         0
                text14                             43CA     43CA       FE         0
                text13                             3B52     3B52      212         0
                text12                             4B54     4B54       56         0
                text11                             4AFA     4AFA       5A         0
                text10                             4CD8     4CD8       46         0
                text9                              202A     202A      9E6         0
                text8                              458A     458A       B8         0
                text7                              36A0     36A0      29C         0
                text6                              4C90     4C90       48         0
                text5                              4E2A     4E2A       38         0
                text4                              393C     393C      216         0
                text3                              3D64     3D64      1B4         0
                text2                              4A98     4A98       62         0
                text1                              4092     4092      12E         0
                text0                              4C48     4C48       48         0
                cinit                              4BAA     4BAA       54         0
                idataBANK0                         4FB4     4FB4       14         0

        CLASS   CONST          

        CLASS   SMALLCONST     
                smallconst                         2000     2000       2A         0

        CLASS   MEDIUMCONST    

        CLASS   COMRAM         
                cstackCOMRAM                          1        1       57         1
                bssCOMRAM                            58       58        4         1

        CLASS   ABS1           

        CLASS   BIGRAM         

        CLASS   RAM            

        CLASS   BANK0          
                cstackBANK0                          60       60       7A         1
                dataBANK0                            DA       DA       14         1
                bssBANK0                             EE       EE        9         1

        CLASS   BANK1          
                bssBANK1                            100      100       50         1

        CLASS   BANK2          

        CLASS   BANK3          

        CLASS   BANK4          

        CLASS   BANK5          

        CLASS   BANK6          

        CLASS   BANK7          

        CLASS   BANK8          

        CLASS   BANK9          

        CLASS   BANK10         

        CLASS   BANK11         

        CLASS   BANK12         

        CLASS   BANK13         

        CLASS   BANK14         

        CLASS   BANK15         

        CLASS   BANK16         

        CLASS   BANK17         

        CLASS   BANK18         

        CLASS   BANK19         

        CLASS   BANK20         

        CLASS   BANK21         

        CLASS   BANK22         

        CLASS   BANK23         

        CLASS   BANK24         

        CLASS   BANK25         

        CLASS   BANK26         

        CLASS   BANK27         

        CLASS   BANK28         

        CLASS   BANK29         

        CLASS   BANK30         

        CLASS   BANK31         

        CLASS   SFR            

        CLASS   BIGSFR         

        CLASS   CONFIG         
                config                           300000   300000        A         4

        CLASS   IDLOC          

        CLASS   EEDATA         

        CLASS   FARRAM         

        CLASS   HEAP           

        CLASS   STACK          



SEGMENTS        Name                           Load    Length   Top    Selector   Space  Class

                reset_vec                      000000  000004  000004         0       0  CODE    
                cstackCOMRAM                   000001  00005B  00005C         1       1  COMRAM  
                ivt0x8                         000008  0000AA  0000B2         4       0  CODE    
                cstackBANK0                    000060  000097  0000F7        60       1  BANK0   
                bssBANK1                       000100  000050  000150       100       1  BANK1   
                smallconst                     002000  00002A  00202A      1000       0  SMALLCON
                text9                          00202A  00299C  0049C6      1015       0  CODE    
                text48                         0049C8  000628  004FF0      1272       0  CODE    


UNUSED ADDRESS RANGES

        Name                Unused          Largest block    Delta
        BANK0            0000F7-0000FF                9
        BANK1            000150-0001FF               B0
        BANK10           000A00-000AFF              100
        BANK11           000B00-000BFF              100
        BANK12           000C00-000CFF              100
        BANK13           000D00-000DFF              100
        BANK14           000E00-000EFF              100
        BANK15           000F00-000FFF              100
        BANK16           001000-0010FF              100
        BANK17           001100-0011FF              100
        BANK18           001200-0012FF              100
        BANK19           001300-0013FF              100
        BANK2            000200-0002FF              100
        BANK20           001400-0014FF              100
        BANK21           001500-0015FF              100
        BANK22           001600-0016FF              100
        BANK23           001700-0017FF              100
        BANK24           001800-0018FF              100
        BANK25           001900-0019FF              100
        BANK26           001A00-001AFF              100
        BANK27           001B00-001BFF              100
        BANK28           001C00-001CFF              100
        BANK29           001D00-001DFF              100
        BANK3            000300-0003FF              100
        BANK30           001E00-001EFF              100
        BANK31           001F00-001FFF              100
        BANK4            000400-0004FF              100
        BANK5            000500-0005FF              100
        BANK6            000600-0006FF              100
        BANK7            000700-0007FF              100
        BANK8            000800-0008FF              100
        BANK9            000900-0009FF              100
        BIGRAM           00005C-00005F                4
                         0000F7-0000FF                9
                         000150-001FFF             1EB0
        BIGSFR           003800-003FFF              800
        CODE             000004-000007                4
                         0000B2-001FFF             1F4E
                         0049C6-0049C7                2
                         004FF0-01FFFF            1B010
        COMRAM           00005C-00005F                4
        CONST            000004-000007                4
                         0000B2-001FFF             1F4E
                         0049C6-0049C7                2
                         004FF0-01FFFF            1B010
        EEDATA           310000-3103FF              400
        IDLOC            200000-20000F               10
        MEDIUMCONST      0049C6-0049C7                2
                         004FF0-00FFFF             B010
                         012000-01FFFF             E000
        RAM              0000F7-0000FF                9
                         000150-001FFF              100
        SFR              003800-003FFF              100
        SMALLCONST       0049C6-0049C7                2
                         004FF0-00FFFF              100
                         012000-01FFFF              100

                                  Symbol Table

?___awdiv                     cstackCOMRAM 000005
?___awmod                     cstackCOMRAM 000005
?___fladd                     cstackCOMRAM 000005
?___fldiv                     cstackCOMRAM 000013
?___flmul                     cstackCOMRAM 00002C
?___flneg                     cstackCOMRAM 000005
?___flsub                     cstackCOMRAM 000045
?___fltol                     cstackCOMRAM 000005
?___fpclassifyf               cstackCOMRAM 000005
?___lldiv                     cstackCOMRAM 000011
?___lmul                      cstackCOMRAM 000005
?___xxtofl                    cstackCOMRAM 000005
?_abs                         cstackCOMRAM 00000B
?_floorf                      cstackCOMRAM 00002C
?_labs                        cstackCOMRAM 000005
?_read_prec_or_width          cstackCOMRAM 000005
?_sprintf                     cstackBANK0  00009B
?_vfprintf                    cstackBANK0  000097
ISR@i                         cstackCOMRAM 000003
IVTBASEH                      (abs)        003FD6
IVTBASEL                      (abs)        003FD5
IVTBASEU                      (abs)        003FD7
LCD_Char@dat                  cstackCOMRAM 00000B
LCD_Command@cmd               cstackCOMRAM 00000B
LCD_String@msg                cstackCOMRAM 00000C
LCD_String_xy@location        cstackCOMRAM 000012
LCD_String_xy@msg             cstackCOMRAM 00000F
LCD_String_xy@pos             cstackCOMRAM 00000E
LCD_String_xy@row             cstackCOMRAM 000011
MSdelay@i                     cstackCOMRAM 000007
MSdelay@j                     cstackCOMRAM 000009
MSdelay@val                   cstackCOMRAM 000005
PWM2_LoadDutyValue@dutyValue  cstackCOMRAM 000005
PWM@F16999                    dataBANK0    0000DA
PWM@checkdutyCycle            cstackBANK0  0000D4
PWM@dcVal                     cstackBANK0  0000BE
PWM@index                     cstackBANK0  0000D6
PWM@percent                   cstackBANK0  0000AF
PWM@pwmStatus                 cstackBANK0  0000D2
_ADACQH                       (abs)        003EF4
_ADACQL                       (abs)        003EF3
_ADCAP                        (abs)        003EF5
_ADCLK                        (abs)        003EFF
_ADCON0bits                   (abs)        003EF8
_ADPCH                        (abs)        003EF1
_ADPREH                       (abs)        003EF7
_ADPREL                       (abs)        003EF6
_ADREF                        (abs)        003EFD
_ADRESH                       (abs)        003EF0
_ADRESL                       (abs)        003EEF
_ANSELAbits                   (abs)        003A40
_ANSELB                       (abs)        003A50
_ANSELC                       (abs)        003A60
_ANSELD                       (abs)        003A70
_ANSELE                       (abs)        003A80
_CCP2CON                      (abs)        003F7A
_CCP2CONbits                  (abs)        003F7A
_CCPR2H                       (abs)        003F79
_CCPR2L                       (abs)        003F78
_CCPTMRS0bits                 (abs)        003F5E
_INTCON0bits                  (abs)        003FD2
_IOCCFbits                    (abs)        003A67
_IOCCPbits                    (abs)        003A65
_ISR                          text48       0049C8
_Initialize                   text47       004D64
_LATC3                        (abs)        01FDE3
_LATC4                        (abs)        01FDE4
_LATC5                        (abs)        01FDE5
_LATD                         (abs)        003FBD
_LCD_Char                     text42       004F4E
_LCD_Clear                    text43       004FDC
_LCD_Command                  text45       004F28
_LCD_Init                     text44       004EFE
_LCD_String                   text41       0048EA
_LCD_String_xy                text40       004DEA
_MSdelay                      text46       004BFE
_OSCFRQ                       (abs)        0039DF
_OSCSTATbits                  (abs)        0039DC
_PIE0bits                     (abs)        003990
_PIR4bits                     (abs)        0039A4
_PORTB                        (abs)        003FCB
_PORTBbits                    (abs)        003FCB
_PORTEbits                    (abs)        003FCE
_PPSLOCK                      (abs)        003ABF
_PPSLOCKbits                  (abs)        003ABF
_PR2                          (abs)        003FAB
_PWM                          text4        00393C
_PWM2_Initialize              text39       004F9E
_PWM2_LoadDutyValue           text38       004ECE
_PWM2_OutputStatusGet         text37       004FC8
_PWM_Output_D8_Enable         text36       004F6C
_RB3PPS                       (abs)        003A0B
_T2CLKCON                     (abs)        003FAE
_T2CON                        (abs)        003FAC
_T2CONbits                    (abs)        003FAC
_T2HLT                        (abs)        003FAD
_T2PR                         (abs)        003FAB
_T2RST                        (abs)        003FAF
_T2TMR                        (abs)        003FAA
_TMR2                         (abs)        003FAA
_TMR2_Initialize              text35       004F88
_TMR2_Start                   text34       004FEA
_TMR2_StartTimer              text33       004FE4
_TRISAbits                    (abs)        003FC2
_TRISB                        (abs)        003FC3
_TRISBbits                    (abs)        003FC3
_TRISC                        (abs)        003FC4
_TRISD                        (abs)        003FC5
_TRISE                        (abs)        003FC6
_WPUCbits                     (abs)        003A61
__HRAM                        (abs)        000000
__H__absolute__               __absolute__ 000000
__Habs1                       abs1         000000
__Hbank0                      bank0        000000
__Hbank1                      bank1        000000
__Hbank10                     bank10       000000
__Hbank11                     bank11       000000
__Hbank12                     bank12       000000
__Hbank13                     bank13       000000
__Hbank14                     bank14       000000
__Hbank15                     bank15       000000
__Hbank16                     bank16       000000
__Hbank17                     bank17       000000
__Hbank18                     bank18       000000
__Hbank19                     bank19       000000
__Hbank2                      bank2        000000
__Hbank20                     bank20       000000
__Hbank21                     bank21       000000
__Hbank22                     bank22       000000
__Hbank23                     bank23       000000
__Hbank24                     bank24       000000
__Hbank25                     bank25       000000
__Hbank26                     bank26       000000
__Hbank27                     bank27       000000
__Hbank28                     bank28       000000
__Hbank29                     bank29       000000
__Hbank3                      bank3        000000
__Hbank30                     bank30       000000
__Hbank31                     bank31       000000
__Hbank4                      bank4        000000
__Hbank5                      bank5        000000
__Hbank6                      bank6        000000
__Hbank7                      bank7        000000
__Hbank8                      bank8        000000
__Hbank9                      bank9        000000
__Hbigbss                     bigbss       000000
__Hbigdata                    bigdata      000000
__Hbigram                     bigram       000000
__Hbigsfr                     bigsfr       000000
__Hbss                        bss          000000
__HbssBANK0                   bssBANK0     000000
__HbssBANK1                   bssBANK1     000000
__HbssCOMRAM                  bssCOMRAM    000000
__Hcinit                      cinit        000000
__Hclrtext                    clrtext      000000
__Hcomram                     comram       000000
__Hconfig                     config       30000A
__Hconst                      const        000000
__HcstackBANK0                cstackBANK0  000000
__HcstackCOMRAM               cstackCOMRAM 000000
__Hdata                       data         000000
__HdataBANK0                  dataBANK0    000000
__Heeprom_data                eeprom_data  000000
__Hfarbss                     farbss       000000
__Hfardata                    fardata      000000
__Hheap                       heap         000000
__Hibigdata                   ibigdata     000000
__Hidata                      idata        000000
__HidataBANK0                 idataBANK0   000000
__Hidloc                      idloc        000000
__Hifardata                   ifardata     000000
__Hinit                       init         0000B2
__Hintsave_regs               intsave_regs 000000
__Hirdata                     irdata       000000
__Hivt0x8                     ivt0x8       0000AE
__Hmediumconst                mediumconst  000000
__HnvFARRAM                   nvFARRAM     000000
__Hnvbit                      nvbit        000000
__Hnvrram                     nvrram       000000
__Hparam                      rparam       000000
__Hpowerup                    powerup      000000
__Hram                        ram          000000
__Hramtop                     ramtop       002000
__Hrbit                       rbit         000000
__Hrbss                       rbss         000000
__Hrdata                      rdata        000000
__Hreset_vec                  reset_vec    000004
__Hrparam                     rparam       000000
__Hsfr                        sfr          000000
__Hsmallconst                 smallconst   00202A
__Hspace_0                    (abs)        004FF0
__Hspace_1                    (abs)        000150
__Hspace_2                    (abs)        000000
__Hspace_4                    (abs)        60000A
__Hstack                      stack        000000
__Hstruct                     struct       000000
__Htemp                       temp         000000
__Htext                       text         000000
__Htext0                      text0        000000
__Htext1                      text1        000000
__Htext10                     text10       000000
__Htext11                     text11       000000
__Htext12                     text12       000000
__Htext13                     text13       000000
__Htext14                     text14       000000
__Htext15                     text15       000000
__Htext16                     text16       000000
__Htext17                     text17       000000
__Htext18                     text18       000000
__Htext19                     text19       000000
__Htext2                      text2        000000
__Htext20                     text20       000000
__Htext21                     text21       000000
__Htext22                     text22       000000
__Htext23                     text23       000000
__Htext24                     text24       000000
__Htext25                     text25       000000
__Htext26                     text26       000000
__Htext27                     text27       000000
__Htext28                     text28       000000
__Htext29                     text29       000000
__Htext3                      text3        000000
__Htext30                     text30       000000
__Htext31                     text31       000000
__Htext32                     text32       000000
__Htext33                     text33       000000
__Htext34                     text34       000000
__Htext35                     text35       000000
__Htext36                     text36       000000
__Htext37                     text37       000000
__Htext38                     text38       000000
__Htext39                     text39       000000
__Htext4                      text4        000000
__Htext40                     text40       000000
__Htext41                     text41       000000
__Htext42                     text42       000000
__Htext43                     text43       000000
__Htext44                     text44       000000
__Htext45                     text45       000000
__Htext46                     text46       000000
__Htext47                     text47       000000
__Htext48                     text48       000000
__Htext5                      text5        000000
__Htext6                      text6        000000
__Htext7                      text7        000000
__Htext8                      text8        000000
__Htext9                      text9        000000
__LRAM                        (abs)        000001
__L__absolute__               __absolute__ 000000
__Labs1                       abs1         000000
__Lbank0                      bank0        000000
__Lbank1                      bank1        000000
__Lbank10                     bank10       000000
__Lbank11                     bank11       000000
__Lbank12                     bank12       000000
__Lbank13                     bank13       000000
__Lbank14                     bank14       000000
__Lbank15                     bank15       000000
__Lbank16                     bank16       000000
__Lbank17                     bank17       000000
__Lbank18                     bank18       000000
__Lbank19                     bank19       000000
__Lbank2                      bank2        000000
__Lbank20                     bank20       000000
__Lbank21                     bank21       000000
__Lbank22                     bank22       000000
__Lbank23                     bank23       000000
__Lbank24                     bank24       000000
__Lbank25                     bank25       000000
__Lbank26                     bank26       000000
__Lbank27                     bank27       000000
__Lbank28                     bank28       000000
__Lbank29                     bank29       000000
__Lbank3                      bank3        000000
__Lbank30                     bank30       000000
__Lbank31                     bank31       000000
__Lbank4                      bank4        000000
__Lbank5                      bank5        000000
__Lbank6                      bank6        000000
__Lbank7                      bank7        000000
__Lbank8                      bank8        000000
__Lbank9                      bank9        000000
__Lbigbss                     bigbss       000000
__Lbigdata                    bigdata      000000
__Lbigram                     bigram       000000
__Lbigsfr                     bigsfr       000000
__Lbss                        bss          000000
__LbssBANK0                   bssBANK0     000000
__LbssBANK1                   bssBANK1     000000
__LbssCOMRAM                  bssCOMRAM    000000
__Lcinit                      cinit        000000
__Lclrtext                    clrtext      000000
__Lcomram                     comram       000000
__Lconfig                     config       000000
__Lconst                      const        000000
__LcstackBANK0                cstackBANK0  000000
__LcstackCOMRAM               cstackCOMRAM 000000
__Ldata                       data         000000
__LdataBANK0                  dataBANK0    000000
__Leeprom_data                eeprom_data  000000
__Lfarbss                     farbss       000000
__Lfardata                    fardata      000000
__Lheap                       heap         000000
__Libigdata                   ibigdata     000000
__Lidata                      idata        000000
__LidataBANK0                 idataBANK0   000000
__Lidloc                      idloc        000000
__Lifardata                   ifardata     000000
__Linit                       init         0000AE
__Lintsave_regs               intsave_regs 000000
__Lirdata                     irdata       000000
__Livt0x8                     ivt0x8       000008
__Lmediumconst                mediumconst  000000
__LnvFARRAM                   nvFARRAM     000000
__Lnvbit                      nvbit        000000
__Lnvrram                     nvrram       000000
__Lparam                      rparam       000000
__Lpowerup                    powerup      000000
__Lram                        ram          000000
__Lramtop                     ramtop       002000
__Lrbit                       rbit         000000
__Lrbss                       rbss         000000
__Lrdata                      rdata        000000
__Lreset_vec                  reset_vec    000000
__Lrparam                     rparam       000000
__Lsfr                        sfr          000000
__Lsmallconst                 smallconst   002000
__Lspace_0                    (abs)        000000
__Lspace_1                    (abs)        000000
__Lspace_2                    (abs)        000000
__Lspace_4                    (abs)        000000
__Lstack                      stack        000000
__Lstruct                     struct       000000
__Ltemp                       temp         000000
__Ltext                       text         000000
__Ltext0                      text0        000000
__Ltext1                      text1        000000
__Ltext10                     text10       000000
__Ltext11                     text11       000000
__Ltext12                     text12       000000
__Ltext13                     text13       000000
__Ltext14                     text14       000000
__Ltext15                     text15       000000
__Ltext16                     text16       000000
__Ltext17                     text17       000000
__Ltext18                     text18       000000
__Ltext19                     text19       000000
__Ltext2                      text2        000000
__Ltext20                     text20       000000
__Ltext21                     text21       000000
__Ltext22                     text22       000000
__Ltext23                     text23       000000
__Ltext24                     text24       000000
__Ltext25                     text25       000000
__Ltext26                     text26       000000
__Ltext27                     text27       000000
__Ltext28                     text28       000000
__Ltext29                     text29       000000
__Ltext3                      text3        000000
__Ltext30                     text30       000000
__Ltext31                     text31       000000
__Ltext32                     text32       000000
__Ltext33                     text33       000000
__Ltext34                     text34       000000
__Ltext35                     text35       000000
__Ltext36                     text36       000000
__Ltext37                     text37       000000
__Ltext38                     text38       000000
__Ltext39                     text39       000000
__Ltext4                      text4        000000
__Ltext40                     text40       000000
__Ltext41                     text41       000000
__Ltext42                     text42       000000
__Ltext43                     text43       000000
__Ltext44                     text44       000000
__Ltext45                     text45       000000
__Ltext46                     text46       000000
__Ltext47                     text47       000000
__Ltext48                     text48       000000
__Ltext5                      text5        000000
__Ltext6                      text6        000000
__Ltext7                      text7        000000
__Ltext8                      text8        000000
__Ltext9                      text9        000000
__S0                          (abs)        004FF0
__S1                          (abs)        000150
__S4                          (abs)        000000
__S5                          (abs)        000000
___awdiv                      text30       0044C8
___awdiv@counter              cstackCOMRAM 000009
___awdiv@dividend             cstackCOMRAM 000005
___awdiv@divisor              cstackCOMRAM 000007
___awdiv@quotient             cstackCOMRAM 00000B
___awdiv@sign                 cstackCOMRAM 00000A
___awmod                      text29       004642
___awmod@counter              cstackCOMRAM 000009
___awmod@dividend             cstackCOMRAM 000005
___awmod@divisor              cstackCOMRAM 000007
___awmod@sign                 cstackCOMRAM 00000A
___fladd                      text17       002A10
___fladd@a                    cstackCOMRAM 000009
___fladd@aexp                 cstackCOMRAM 000012
___fladd@b                    cstackCOMRAM 000005
___fladd@bexp                 cstackCOMRAM 000013
___fladd@grs                  cstackCOMRAM 000014
___fladd@signs                cstackCOMRAM 000011
___fldiv                      text22       003310
___fldiv@a                    cstackCOMRAM 000017
___fldiv@aexp                 cstackCOMRAM 00002B
___fldiv@b                    cstackCOMRAM 000013
___fldiv@bexp                 cstackCOMRAM 00002A
___fldiv@grs                  cstackCOMRAM 000026
___fldiv@new_exp              cstackCOMRAM 000024
___fldiv@rem                  cstackCOMRAM 00001F
___fldiv@sign                 cstackCOMRAM 000023
___fleq                       text21       00479C
___fleq@ff1                   cstackCOMRAM 000005
___fleq@ff2                   cstackCOMRAM 000009
___flge                       text20       0042C6
___flge@ff1                   cstackCOMRAM 000045
___flge@ff2                   cstackCOMRAM 000049
___flmul                      text19       002EC6
___flmul@a                    cstackCOMRAM 000030
___flmul@aexp                 cstackCOMRAM 00003D
___flmul@b                    cstackCOMRAM 00002C
___flmul@bexp                 cstackCOMRAM 00003E
___flmul@grs                  cstackCOMRAM 000039
___flmul@prod                 cstackCOMRAM 00003F
___flmul@sign                 cstackCOMRAM 000038
___flmul@temp                 cstackCOMRAM 000043
___flneg                      text18       004E62
___flneg@f1                   cstackCOMRAM 000005
___flsub                      text16       004D1E
___flsub@a                    cstackCOMRAM 000049
___flsub@b                    cstackCOMRAM 000045
___fltol                      text15       0041C0
___fltol@exp1                 cstackCOMRAM 00000E
___fltol@f1                   cstackCOMRAM 000005
___fltol@sign1                cstackCOMRAM 00000D
___fpclassifyf                text14       0043CA
___fpclassifyf@F465           bssCOMRAM    000058
___fpclassifyf@e              cstackCOMRAM 00000D
___fpclassifyf@u              cstackCOMRAM 00000F
___fpclassifyf@x              cstackCOMRAM 000005
___heap_hi                    (abs)        000000
___heap_lo                    (abs)        000000
___inthi_sp                   stack        000000
___inthi_stack_hi             stack        000000
___inthi_stack_lo             stack        000000
___intlo_sp                   stack        000000
___intlo_stack_hi             stack        000000
___intlo_stack_lo             stack        000000
___lldiv                      text32       004846
___lldiv@counter              cstackCOMRAM 00001D
___lldiv@dividend             cstackCOMRAM 000011
___lldiv@divisor              cstackCOMRAM 000015
___lldiv@quotient             cstackCOMRAM 000019
___lmul                       text31       00495C
___lmul@multiplicand          cstackCOMRAM 000009
___lmul@multiplier            cstackCOMRAM 000005
___lmul@product               cstackCOMRAM 00000D
___param_bank                 (abs)        000000
___rparam_used                (abs)        000001
___sp                         stack        000000
___stack_hi                   stack        000000
___stack_lo                   stack        000000
___xxtofl                     text3        003D64
___xxtofl@arg                 cstackCOMRAM 00000F
___xxtofl@exp                 cstackCOMRAM 00000E
___xxtofl@sign                cstackCOMRAM 00000D
___xxtofl@val                 cstackCOMRAM 000005
__accesstop                   (abs)        000060
__activetblptr                (abs)        000003
__end_of_ISR                  text48       004A32
__end_of_Initialize           text47       004DAA
__end_of_LCD_Char             text42       004F6C
__end_of_LCD_Clear            text43       004FE4
__end_of_LCD_Command          text45       004F4E
__end_of_LCD_Init             text44       004F28
__end_of_LCD_String           text41       00495C
__end_of_LCD_String_xy        text40       004E2A
__end_of_MSdelay              text46       004C48
__end_of_PWM                  text4        003B52
__end_of_PWM2_Initialize      text39       004FB4
__end_of_PWM2_LoadDutyValue   text38       004EFE
__end_of_PWM2_OutputStatusGet text37       004FDC
__end_of_PWM_Output_D8_Enable text36       004F88
__end_of_TMR2_Initialize      text35       004F9E
__end_of_TMR2_Start           text34       004FEE
__end_of_TMR2_StartTimer      text33       004FEA
__end_of___awdiv              text30       00458A
__end_of___awmod              text29       0046F0
__end_of___fladd              text17       002EC6
__end_of___fldiv              text22       0036A0
__end_of___fleq               text21       004846
__end_of___flge               text20       0043CA
__end_of___flmul              text19       003310
__end_of___flneg              text18       004E9A
__end_of___flsub              text16       004D64
__end_of___fltol              text15       0042C6
__end_of___fpclassifyf        text14       0044C8
__end_of___lldiv              text32       0048EA
__end_of___lmul               text31       0049C6
__end_of___xxtofl             text3        003F18
__end_of__initialization      cinit        004BF8
__end_of_abs                  text28       004ECE
__end_of_dtoa                 text23       004092
__end_of_efgtoa               text9        002A10
__end_of_floorf               text13       003D64
__end_of_fputc                text26       00479C
__end_of_fputs                text25       004DEA
__end_of_labs                 text12       004BAA
__end_of_main                 text0        004C90
__end_of_memcpy               text11       004B54
__end_of_pad                  text24       004A98
__end_of_putch                text27       004FF0
__end_of_readADC              text1        0041C0
__end_of_read_prec_or_width   text8        004642
__end_of_sprintf              text5        004E62
__end_of_strcat               text2        004AFA
__end_of_strcpy               text10       004D1E
__end_of_vfpfcnvrt            text7        00393C
__end_of_vfprintf             text6        004CD8
__initialization              cinit        004BAA
__mediumconst                 smallconst   002000
__pbssBANK0                   bssBANK0     0000EE
__pbssBANK1                   bssBANK1     000100
__pbssCOMRAM                  bssCOMRAM    000058
__pcinit                      cinit        004BAA
__pcstackBANK0                cstackBANK0  000060
__pcstackCOMRAM               cstackCOMRAM 000001
__pdataBANK0                  dataBANK0    0000DA
__pidataBANK0                 idataBANK0   004FB4
__pivt0x8                     ivt0x8       000008
__psmallconst                 smallconst   002000
__ptext0                      text0        004C48
__ptext1                      text1        004092
__ptext10                     text10       004CD8
__ptext11                     text11       004AFA
__ptext12                     text12       004B54
__ptext13                     text13       003B52
__ptext14                     text14       0043CA
__ptext15                     text15       0041C0
__ptext16                     text16       004D1E
__ptext17                     text17       002A10
__ptext18                     text18       004E62
__ptext19                     text19       002EC6
__ptext2                      text2        004A98
__ptext20                     text20       0042C6
__ptext21                     text21       00479C
__ptext22                     text22       003310
__ptext23                     text23       003F18
__ptext24                     text24       004A32
__ptext25                     text25       004DAA
__ptext26                     text26       0046F0
__ptext27                     text27       004FEE
__ptext28                     text28       004E9A
__ptext29                     text29       004642
__ptext3                      text3        003D64
__ptext30                     text30       0044C8
__ptext31                     text31       00495C
__ptext32                     text32       004846
__ptext33                     text33       004FE4
__ptext34                     text34       004FEA
__ptext35                     text35       004F88
__ptext36                     text36       004F6C
__ptext37                     text37       004FC8
__ptext38                     text38       004ECE
__ptext39                     text39       004F9E
__ptext4                      text4        00393C
__ptext40                     text40       004DEA
__ptext41                     text41       0048EA
__ptext42                     text42       004F4E
__ptext43                     text43       004FDC
__ptext44                     text44       004EFE
__ptext45                     text45       004F28
__ptext46                     text46       004BFE
__ptext47                     text47       004D64
__ptext48                     text48       0049C8
__ptext5                      text5        004E2A
__ptext6                      text6        004C90
__ptext7                      text7        0036A0
__ptext8                      text8        00458A
__ptext9                      text9        00202A
__ramtop                      ramtop       002000
__smallconst                  smallconst   002000
_abs                          text28       004E9A
_dbuf                         bssBANK1     000100
_dtoa                         text23       003F18
_dtoa$1306                    cstackCOMRAM 00001E
_efgtoa                       text9        00202A
_efgtoa$1337                  cstackBANK0  000068
_flags                        bssBANK0     0000F6
_floorf                       text13       003B52
_fputc                        text26       0046F0
_fputs                        text25       004DAA
_labs                         text12       004B54
_main                         text0        004C48
_memcpy                       text11       004AFA
_pad                          text24       004A32
_prec                         bssBANK0     0000F4
_putch                        text27       004FEE
_readADC                      text1        004092
_read_prec_or_width           text8        00458A
_sprintf                      text5        004E2A
_strcat                       text2        004A98
_strcpy                       text10       004CD8
_vfpfcnvrt                    text7        0036A0
_vfprintf                     text6        004C90
_width                        bssBANK0     0000F2
abs@a                         cstackCOMRAM 00000B
dtoa@d                        cstackCOMRAM 00001C
dtoa@fp                       cstackCOMRAM 00001B
dtoa@i                        cstackCOMRAM 000025
dtoa@p                        cstackCOMRAM 000022
dtoa@s                        cstackCOMRAM 000024
dtoa@w                        cstackCOMRAM 000020
efgtoa@c                      cstackCOMRAM 000056
efgtoa@d                      cstackBANK0  00006D
efgtoa@e                      cstackBANK0  000071
efgtoa@f                      cstackCOMRAM 000052
efgtoa@fp                     cstackCOMRAM 000051
efgtoa@g                      cstackBANK0  000084
efgtoa@h                      cstackBANK0  00007B
efgtoa@i                      cstackBANK0  000079
efgtoa@l                      cstackBANK0  00007F
efgtoa@m                      cstackBANK0  00006F
efgtoa@mode                   cstackBANK0  00006B
efgtoa@n                      cstackBANK0  000088
efgtoa@ne                     cstackBANK0  000062
efgtoa@nmode                  cstackBANK0  00006C
efgtoa@ou                     cstackBANK0  000075
efgtoa@p                      cstackBANK0  000064
efgtoa@pp                     cstackBANK0  00006A
efgtoa@sign                   cstackBANK0  000083
efgtoa@t                      cstackBANK0  000066
efgtoa@u                      cstackBANK0  00008A
efgtoa@w                      cstackBANK0  000073
end_of_initialization         cinit        004BF8
floorf@F521                   bssBANK0     0000EE
floorf@e                      cstackCOMRAM 00003A
floorf@m                      cstackCOMRAM 000036
floorf@u                      cstackCOMRAM 00003C
floorf@x                      cstackCOMRAM 00002C
fputc@c                       cstackCOMRAM 000005
fputc@fp                      cstackCOMRAM 000007
fputs@c                       cstackCOMRAM 000010
fputs@fp                      cstackCOMRAM 00000F
fputs@i                       cstackCOMRAM 000011
fputs@s                       cstackCOMRAM 00000D
intlevel0                     text         000000
intlevel1                     text         000000
intlevel2                     text         000000
intlevel3                     text         000000
isa$std                       (abs)        000001
isa$xinst                     (abs)        000000
ivt0x8_base                   ivt0x8       000008
ivt0x8_undefint               ivt0x8       0000AC
labs@a                        cstackCOMRAM 000005
memcpy@d                      cstackCOMRAM 00000B
memcpy@d1                     cstackCOMRAM 000005
memcpy@n                      cstackCOMRAM 000009
memcpy@s                      cstackCOMRAM 00000D
memcpy@s1                     cstackCOMRAM 000007
memcpy@tmp                    cstackCOMRAM 00000F
pad@buf                       cstackCOMRAM 000014
pad@fp                        cstackCOMRAM 000013
pad@i                         cstackCOMRAM 000019
pad@p                         cstackCOMRAM 000016
readADC@Vref                  cstackBANK0  0000BF
readADC@buffer                cstackBANK0  0000AF
readADC@digital               cstackBANK0  0000C1
readADC@voltage               cstackBANK0  0000BB
read_prec_or_width@ap         cstackCOMRAM 000006
read_prec_or_width@c          cstackCOMRAM 000009
read_prec_or_width@fmt        cstackCOMRAM 000005
read_prec_or_width@n          cstackCOMRAM 00000A
sprintf@ap                    cstackBANK0  0000A1
sprintf@f                     cstackBANK0  0000A2
sprintf@fmt                   cstackBANK0  00009C
sprintf@s                     cstackBANK0  00009B
stackhi                       (abs)        000000
stacklo                       (abs)        000000
start                         init         0000AE
start_initialization          cinit        004BAA
strcat@dest                   cstackCOMRAM 000005
strcat@i                      cstackCOMRAM 000007
strcat@src                    cstackCOMRAM 000006
strcpy@d                      cstackCOMRAM 000009
strcpy@dest                   cstackCOMRAM 000005
strcpy@src                    cstackCOMRAM 000007
vfpfcnvrt@ap                  cstackBANK0  000090
vfpfcnvrt@c                   cstackBANK0  000095
vfpfcnvrt@convarg             cstackBANK0  000091
vfpfcnvrt@cp                  cstackBANK0  000096
vfpfcnvrt@fmt                 cstackBANK0  00008F
vfpfcnvrt@fp                  cstackBANK0  00008E
vfprintf@ap                   cstackBANK0  000099
vfprintf@cfmt                 cstackBANK0  00009A
vfprintf@fmt                  cstackBANK0  000098
vfprintf@fp                   cstackBANK0  000097


MODULE INFORMATION

Module		Function		Class		Link	Load	Size
C:\Program Files\Microchip\xc8\v3.00\pic\sources\c99\common\flge.c
		___flge        		CODE           	42C6	0000	260

C:\Program Files\Microchip\xc8\v3.00\pic\sources\c99\common\flge.c estimated size: 260

C:\Program Files\Microchip\xc8\v3.00\pic\sources\c99\common\abs.c
		_abs           		CODE           	4E9A	0000	52

C:\Program Files\Microchip\xc8\v3.00\pic\sources\c99\common\abs.c estimated size: 52

C:\Program Files\Microchip\xc8\v3.00\pic\sources\c99\common\nf_fputc.c
		_fputc         		CODE           	46F0	0000	172

C:\Program Files\Microchip\xc8\v3.00\pic\sources\c99\common\nf_fputc.c estimated size: 172

./PWM.h
		_PWM2_Initialize		CODE           	4F9E	0000	22
		_TMR2_Initialize		CODE           	4F88	0000	22
		_TMR2_Start    		CODE           	4FEA	0000	4
		_PWM_Output_D8_Enable		CODE           	4F6C	0000	28
		_PWM2_OutputStatusGet		CODE           	4FC8	0000	20
		_TMR2_StartTimer		CODE           	4FE4	0000	6
		_PWM2_LoadDutyValue		CODE           	4ECE	0000	48

./PWM.h estimated size: 150

./init.h
		_ISR           		CODE           	49C8	0000	106
		_Initialize    		CODE           	4D64	0000	70

./init.h estimated size: 176

C:\Program Files\Microchip\xc8\v3.00\pic\sources\c99\common\memcpy.c
		_memcpy        		CODE           	4AFA	0000	90

C:\Program Files\Microchip\xc8\v3.00\pic\sources\c99\common\memcpy.c estimated size: 90

C:\Program Files\Microchip\xc8\v3.00\pic\sources\c99\common\flneg.c
		___flneg       		CODE           	4E62	0000	56

C:\Program Files\Microchip\xc8\v3.00\pic\sources\c99\common\flneg.c estimated size: 56

C:\Program Files\Microchip\xc8\v3.00\pic\sources\c99\common\__fpclassifyf.c
		___fpclassifyf 		CODE           	43CA	0000	254

C:\Program Files\Microchip\xc8\v3.00\pic\sources\c99\common\__fpclassifyf.c estimated size: 254

C:\Program Files\Microchip\xc8\v3.00\pic\sources\c99\common\nf_sprintf.c
		_sprintf       		CODE           	4E2A	0000	56

C:\Program Files\Microchip\xc8\v3.00\pic\sources\c99\common\nf_sprintf.c estimated size: 56

C:\Program Files\Microchip\xc8\v3.00\pic\sources\c99\common\awmod.c
		___awmod       		CODE           	4642	0000	174

C:\Program Files\Microchip\xc8\v3.00\pic\sources\c99\common\awmod.c estimated size: 174

./LCD.h
		_LCD_String    		CODE           	48EA	0000	114
		_LCD_Init      		CODE           	4EFE	0000	42
		_LCD_Command   		CODE           	4F28	0000	38
		_LCD_String_xy 		CODE           	4DEA	0000	64
		_LCD_Char      		CODE           	4F4E	0000	30
		_LCD_Clear     		CODE           	4FDC	0000	8
		_MSdelay       		CODE           	4BFE	0000	74

./LCD.h estimated size: 370

C:\Program Files\Microchip\xc8\v3.00\pic\sources\c99\common\floorf.c
		_floorf        		CODE           	3B52	0000	530

C:\Program Files\Microchip\xc8\v3.00\pic\sources\c99\common\floorf.c estimated size: 530

C:\Program Files\Microchip\xc8\v3.00\pic\sources\c99\common\putch.c
		_putch         		CODE           	4FEE	0000	2

C:\Program Files\Microchip\xc8\v3.00\pic\sources\c99\common\putch.c estimated size: 2

C:\Program Files\Microchip\xc8\v3.00\pic\sources\c99\common\fleq.c
		___fleq        		CODE           	479C	0000	170

C:\Program Files\Microchip\xc8\v3.00\pic\sources\c99\common\fleq.c estimated size: 170

C:\Program Files\Microchip\xc8\v3.00\pic\sources\c99\common\sprcmul.c
		___flmul       		CODE           	2EC6	0000	1098

C:\Program Files\Microchip\xc8\v3.00\pic\sources\c99\common\sprcmul.c estimated size: 1098

C:\Program Files\Microchip\xc8\v3.00\pic\sources\c99\common\Umul32.c
		___lmul        		CODE           	495C	0000	106

C:\Program Files\Microchip\xc8\v3.00\pic\sources\c99\common\Umul32.c estimated size: 106

C:\Program Files\Microchip\xc8\v3.00\pic\sources\c99\common\__lldiv.c
		___lldiv       		CODE           	4846	0000	164

C:\Program Files\Microchip\xc8\v3.00\pic\sources\c99\common\__lldiv.c estimated size: 164

C:\Program Files\Microchip\xc8\v3.00\pic\sources\c99\common\strcat.c
		_strcat        		CODE           	4A98	0000	98

C:\Program Files\Microchip\xc8\v3.00\pic\sources\c99\common\strcat.c estimated size: 98

C:\Program Files\Microchip\xc8\v3.00\pic\sources\c99\common\sprcdiv.c
		___fldiv       		CODE           	3310	0000	912

C:\Program Files\Microchip\xc8\v3.00\pic\sources\c99\common\sprcdiv.c estimated size: 912

shared
		__initialization		CODE           	4BAA	0000	78

shared estimated size: 78

C:\Program Files\Microchip\xc8\v3.00\pic\sources\c99\common\xxtofl.c
		___xxtofl      		CODE           	3D64	0000	436

C:\Program Files\Microchip\xc8\v3.00\pic\sources\c99\common\xxtofl.c estimated size: 436

C:\Program Files\Microchip\xc8\v3.00\pic\sources\c99\common\nf_fputs.c
		_fputs         		CODE           	4DAA	0000	64

C:\Program Files\Microchip\xc8\v3.00\pic\sources\c99\common\nf_fputs.c estimated size: 64

C:\Program Files\Microchip\xc8\v3.00\pic\sources\c99\common\strcpy.c
		_strcpy        		CODE           	4CD8	0000	70

C:\Program Files\Microchip\xc8\v3.00\pic\sources\c99\common\strcpy.c estimated size: 70

C:\Program Files\Microchip\xc8\v3.00\pic\sources\c99\common\awdiv.c
		___awdiv       		CODE           	44C8	0000	194

C:\Program Files\Microchip\xc8\v3.00\pic\sources\c99\common\awdiv.c estimated size: 194

C:\Program Files\Microchip\xc8\v3.00\pic\sources\c99\common\fltol.c
		___fltol       		CODE           	41C0	0000	262

C:\Program Files\Microchip\xc8\v3.00\pic\sources\c99\common\fltol.c estimated size: 262

C:\Program Files\Microchip\xc8\v3.00\pic\sources\c99\common\labs.c
		_labs          		CODE           	4B54	0000	86

C:\Program Files\Microchip\xc8\v3.00\pic\sources\c99\common\labs.c estimated size: 86

main.c
		_PWM           		CODE           	393C	0000	534
		_main          		CODE           	4C48	0000	72
		_readADC       		CODE           	4092	0000	302

main.c estimated size: 908

C:\Program Files\Microchip\xc8\v3.00\pic\sources\c99\common\doprnt.c
		_read_prec_or_width		CODE           	458A	0000	184
		_vfpfcnvrt     		CODE           	36A0	0000	668
		_efgtoa        		CODE           	202A	0000	2534
		_pad           		CODE           	4A32	0000	102
		_dtoa          		CODE           	3F18	0000	378
		_vfprintf      		CODE           	4C90	0000	72

C:\Program Files\Microchip\xc8\v3.00\pic\sources\c99\common\doprnt.c estimated size: 3938

C:\Program Files\Microchip\xc8\v3.00\pic\sources\c99\common\sprcadd.c
		___flsub       		CODE           	4D1E	0000	70
		___fladd       		CODE           	2A10	0000	1206

C:\Program Files\Microchip\xc8\v3.00\pic\sources\c99\common\sprcadd.c estimated size: 1276

