Microchip MPLAB XC8 Compiler V3.00

Linker command line:

-W-3 \
  --edf=C:\Program Files\Microchip\xc8\v3.00\pic\dat\20241204225717_en.msgs \
  -pivt0x8=08h -cn -h+dist/default/production\Assignment9.X.production.sym \
  --cmf=dist/default/production\Assignment9.X.production.cmf -z -Q18F47K42 \
  -oC:\Users\Jacob\AppData\Local\Temp\xcAspks.\driver_tmp_3.o \
  --defsym=__MPLAB_BUILD=1 --fixupoverflow=error \
  -Mdist/default/production/Assignment9.X.production.map \
  --md=C:\Users\Jacob\AppData\Local\Temp\xcAspks.\driver_tmp_0.dat -E1 \
  -ver=XC8 Compiler -ACODE=00h-01FFFFh -ACONST=00h-01FFFFh \
  -ASMALLCONST=02000h-020FFhx224,012000h-0120FFhx224 \
  -AMEDIUMCONST=02000h-0FFFFh,012000h-01FFFFh -ACOMRAM=01h-05Fh \
  -AABS1=00h-01FFFh -ABIGRAM=01h-01FFFh -ARAM=060h-0FFh,0100h-01FFhx31 \
  -ABANK0=060h-0FFh -ABANK1=0100h-01FFh -ABANK2=0200h-02FFh \
  -ABANK3=0300h-03FFh -ABANK4=0400h-04FFh -ABANK5=0500h-05FFh \
  -ABANK6=0600h-06FFh -ABANK7=0700h-07FFh -ABANK8=0800h-08FFh \
  -ABANK9=0900h-09FFh -ABANK10=0A00h-0AFFh -ABANK11=0B00h-0BFFh \
  -ABANK12=0C00h-0CFFh -ABANK13=0D00h-0DFFh -ABANK14=0E00h-0EFFh \
  -ABANK15=0F00h-0FFFh -ABANK16=01000h-010FFh -ABANK17=01100h-011FFh \
  -ABANK18=01200h-012FFh -ABANK19=01300h-013FFh -ABANK20=01400h-014FFh \
  -ABANK21=01500h-015FFh -ABANK22=01600h-016FFh -ABANK23=01700h-017FFh \
  -ABANK24=01800h-018FFh -ABANK25=01900h-019FFh -ABANK26=01A00h-01AFFh \
  -ABANK27=01B00h-01BFFh -ABANK28=01C00h-01CFFh -ABANK29=01D00h-01DFFh \
  -ABANK30=01E00h-01EFFh -ABANK31=01F00h-01FFFh \
  -ASFR=03800h-038FFhx7,03F00h-03F5Fh,03F60h-03FFFh -ABIGSFR=03800h-03FFFh \
  -ACONFIG=0300000h-0300009h -AIDLOC=0200000h-020000Fh \
  -AEEDATA=0310000h-03103FFh -peeprom_data=EEDATA -preset_vec=00h \
  -ppowerup=CODE,init -pramtop=02000h -psmallconst=SMALLCONST \
  -pmediumconst=MEDIUMCONST -pconst=CONST -AFARRAM=00h-00h \
  -prdata=COMRAM,nvrram=COMRAM,nvbit=COMRAM,rbss=COMRAM,rbit=COMRAM \
  -pfarbss=FARRAM,fardata=FARRAM,nvFARRAM=FARRAM \
  -pintsave_regs=BIGRAM,bigbss=BIGRAM,bigdata=BIGRAM -pbss=RAM \
  -pidata=CODE,irdata=CODE,ibigdata=CODE,ifardata=CODE -prparam=COMRAM \
  dist/default/production\startup.o \
  dist/default/production\Assignment9.X.production.o 

Object code version is 3.11

Machine type is 18F47K42



                Name                               Link     Load   Length Selector   Space Scale
dist/default/production\startup.o
                config                           300000   300000        A        0       4
                init                                 AE       AE        4        4       0
                reset_vec                             0        0        4        0       0
dist/default/production\Assignment9.X.production.o
                config                           300000   300000        A        0       4
                smallconst                         2000     2000       2A     1000       0
                ivt0x8                                8        8       A6        4       0
                text45                             4844     4844       52     1015       0
                text44                             496C     496C       46     1015       0
                text43                             4896     4896       4A     1015       0
                text42                             4B9C     4B9C       26     1015       0
                text41                             4B72     4B72       2A     1015       0
                text40                             4C50     4C50        8     1015       0
                text39                             4BC2     4BC2       1E     1015       0
                text38                             45FC     45FC       72     1015       0
                text37                             4A36     4A36       40     1015       0
                text36                             4C12     4C12       16     1015       0
                text35                             4B18     4B18       30     1015       0
                text34                             4C3C     4C3C       14     1015       0
                text33                             4BE0     4BE0       1C     1015       0
                text32                             4BFC     4BFC       16     1015       0
                text31                             4C5E     4C5E        4     1015       0
                text30                             4C58     4C58        6     1015       0
                text29                             4558     4558       A4     1015       0
                text28                             466E     466E       6A     1015       0
                text27                             41DA     41DA       C2     1015       0
                text26                             4354     4354       AE     1015       0
                text25                             4AE4     4AE4       34     1015       0
                text24                             4C62     4C62        2     1015       0
                text23                             4402     4402       AC     1015       0
                text22                             49F6     49F6       40     1015       0
                text21                             46D8     46D8       66     1015       0
                text20                             3D58     3D58      17A     1015       0
                text19                             3310     3310      390     1015       0
                text18                             44AE     44AE       AA     1015       0
                text17                             3FD8     3FD8      104     1015       0
                text16                             2EC6     2EC6      44A     1015       0
                text15                             4A76     4A76       38     1015       0
                text14                             2A10     2A10      4B6     1015       0
                text13                             4926     4926       46     1015       0
                text12                             3ED2     3ED2      106     1015       0
                text11                             40DC     40DC       FE     1015       0
                text10                             3938     3938      212     1015       0
                text9                              47EE     47EE       56     1015       0
                text8                              473E     473E       5A     1015       0
                text7                              48E0     48E0       46     1015       0
                text6                              202A     202A      9E6     1015       0
                text5                              429C     429C       B8     1015       0
                text4                              36A0     36A0      298     1015       0
                text3                              49B2     49B2       44     1015       0
                text2                              4AAE     4AAE       36     1015       0
                text1                              3B4A     3B4A      20E     1015       0
                text0                              4B48     4B48       2A     1015       0
                cstackCOMRAM                          1        1       53        1       1
                cstackBANK0                          60       60       5B       60       1
                bssBANK1                            100      100       50      100       1
                dataBANK0                            BB       BB       14       60       1
                bssBANK0                             CF       CF        4       60       1
                bssCOMRAM                            54       54        9        1       1
                cinit                              4798     4798       56     1015       0
                idataBANK0                         4C28     4C28       14     1015       0

TOTAL           Name                               Link     Load   Length     Space
        CLASS   CODE           
                init                                 AE       AE        4         0
                reset_vec                             0        0        4         0
                ivt0x8                                8        8       A6         0
                text45                             4844     4844       52         0
                text44                             496C     496C       46         0
                text43                             4896     4896       4A         0
                text42                             4B9C     4B9C       26         0
                text41                             4B72     4B72       2A         0
                text40                             4C50     4C50        8         0
                text39                             4BC2     4BC2       1E         0
                text38                             45FC     45FC       72         0
                text37                             4A36     4A36       40         0
                text36                             4C12     4C12       16         0
                text35                             4B18     4B18       30         0
                text34                             4C3C     4C3C       14         0
                text33                             4BE0     4BE0       1C         0
                text32                             4BFC     4BFC       16         0
                text31                             4C5E     4C5E        4         0
                text30                             4C58     4C58        6         0
                text29                             4558     4558       A4         0
                text28                             466E     466E       6A         0
                text27                             41DA     41DA       C2         0
                text26                             4354     4354       AE         0
                text25                             4AE4     4AE4       34         0
                text24                             4C62     4C62        2         0
                text23                             4402     4402       AC         0
                text22                             49F6     49F6       40         0
                text21                             46D8     46D8       66         0
                text20                             3D58     3D58      17A         0
                text19                             3310     3310      390         0
                text18                             44AE     44AE       AA         0
                text17                             3FD8     3FD8      104         0
                text16                             2EC6     2EC6      44A         0
                text15                             4A76     4A76       38         0
                text14                             2A10     2A10      4B6         0
                text13                             4926     4926       46         0
                text12                             3ED2     3ED2      106         0
                text11                             40DC     40DC       FE         0
                text10                             3938     3938      212         0
                text9                              47EE     47EE       56         0
                text8                              473E     473E       5A         0
                text7                              48E0     48E0       46         0
                text6                              202A     202A      9E6         0
                text5                              429C     429C       B8         0
                text4                              36A0     36A0      298         0
                text3                              49B2     49B2       44         0
                text2                              4AAE     4AAE       36         0
                text1                              3B4A     3B4A      20E         0
                text0                              4B48     4B48       2A         0
                cinit                              4798     4798       56         0
                idataBANK0                         4C28     4C28       14         0

        CLASS   CONST          

        CLASS   SMALLCONST     
                smallconst                         2000     2000       2A         0

        CLASS   MEDIUMCONST    

        CLASS   COMRAM         
                cstackCOMRAM                          1        1       53         1
                bssCOMRAM                            54       54        9         1

        CLASS   ABS1           

        CLASS   BIGRAM         

        CLASS   RAM            

        CLASS   BANK0          
                cstackBANK0                          60       60       5B         1
                dataBANK0                            BB       BB       14         1
                bssBANK0                             CF       CF        4         1

        CLASS   BANK1          
                bssBANK1                            100      100       50         1

        CLASS   BANK2          

        CLASS   BANK3          

        CLASS   BANK4          

        CLASS   BANK5          

        CLASS   BANK6          

        CLASS   BANK7          

        CLASS   BANK8          

        CLASS   BANK9          

        CLASS   BANK10         

        CLASS   BANK11         

        CLASS   BANK12         

        CLASS   BANK13         

        CLASS   BANK14         

        CLASS   BANK15         

        CLASS   BANK16         

        CLASS   BANK17         

        CLASS   BANK18         

        CLASS   BANK19         

        CLASS   BANK20         

        CLASS   BANK21         

        CLASS   BANK22         

        CLASS   BANK23         

        CLASS   BANK24         

        CLASS   BANK25         

        CLASS   BANK26         

        CLASS   BANK27         

        CLASS   BANK28         

        CLASS   BANK29         

        CLASS   BANK30         

        CLASS   BANK31         

        CLASS   SFR            

        CLASS   BIGSFR         

        CLASS   CONFIG         
                config                           300000   300000        A         4

        CLASS   IDLOC          

        CLASS   EEDATA         

        CLASS   FARRAM         

        CLASS   HEAP           

        CLASS   STACK          



SEGMENTS        Name                           Load    Length   Top    Selector   Space  Class

                reset_vec                      000000  000004  000004         0       0  CODE    
                cstackCOMRAM                   000001  00005C  00005D         1       1  COMRAM  
                ivt0x8                         000008  0000AA  0000B2         4       0  CODE    
                cstackBANK0                    000060  000073  0000D3        60       1  BANK0   
                bssBANK1                       000100  000050  000150       100       1  BANK1   
                smallconst                     002000  00002A  00202A      1000       0  SMALLCON
                text6                          00202A  002C3A  004C64      1015       0  CODE    


UNUSED ADDRESS RANGES

        Name                Unused          Largest block    Delta
        BANK0            0000D3-0000FF               2D
        BANK1            000150-0001FF               B0
        BANK10           000A00-000AFF              100
        BANK11           000B00-000BFF              100
        BANK12           000C00-000CFF              100
        BANK13           000D00-000DFF              100
        BANK14           000E00-000EFF              100
        BANK15           000F00-000FFF              100
        BANK16           001000-0010FF              100
        BANK17           001100-0011FF              100
        BANK18           001200-0012FF              100
        BANK19           001300-0013FF              100
        BANK2            000200-0002FF              100
        BANK20           001400-0014FF              100
        BANK21           001500-0015FF              100
        BANK22           001600-0016FF              100
        BANK23           001700-0017FF              100
        BANK24           001800-0018FF              100
        BANK25           001900-0019FF              100
        BANK26           001A00-001AFF              100
        BANK27           001B00-001BFF              100
        BANK28           001C00-001CFF              100
        BANK29           001D00-001DFF              100
        BANK3            000300-0003FF              100
        BANK30           001E00-001EFF              100
        BANK31           001F00-001FFF              100
        BANK4            000400-0004FF              100
        BANK5            000500-0005FF              100
        BANK6            000600-0006FF              100
        BANK7            000700-0007FF              100
        BANK8            000800-0008FF              100
        BANK9            000900-0009FF              100
        BIGRAM           00005D-00005F                3
                         0000D3-0000FF               2D
                         000150-001FFF             1EB0
        BIGSFR           003800-003FFF              800
        CODE             000004-000007                4
                         0000B2-001FFF             1F4E
                         004C64-01FFFF            1B39C
        COMRAM           00005D-00005F                3
        CONST            000004-000007                4
                         0000B2-001FFF             1F4E
                         004C64-01FFFF            1B39C
        EEDATA           310000-3103FF              400
        IDLOC            200000-20000F               10
        MEDIUMCONST      004C64-00FFFF             B39C
                         012000-01FFFF             E000
        RAM              0000D3-0000FF               2D
                         000150-001FFF              100
        SFR              003800-003FFF              100
        SMALLCONST       004C64-00FFFF              100
                         012000-01FFFF              100

                                  Symbol Table

?___awdiv                     cstackCOMRAM 000003
?___awmod                     cstackCOMRAM 000003
?___fladd                     cstackCOMRAM 000003
?___fldiv                     cstackCOMRAM 000003
?___flmul                     cstackCOMRAM 000003
?___flneg                     cstackCOMRAM 000003
?___flsub                     cstackCOMRAM 00001C
?___fltol                     cstackCOMRAM 000003
?___fpclassifyf               cstackCOMRAM 000003
?___lldiv                     cstackCOMRAM 00000F
?___lmul                      cstackCOMRAM 000003
?_abs                         cstackCOMRAM 000009
?_floorf                      cstackCOMRAM 00001C
?_labs                        cstackCOMRAM 000003
?_read_prec_or_width          cstackCOMRAM 000003
?_sprintf                     cstackBANK0  00008C
?_vfprintf                    cstackCOMRAM 000042
ISR@i                         cstackCOMRAM 000001
IVTBASEH                      (abs)        003FD6
IVTBASEL                      (abs)        003FD5
IVTBASEU                      (abs)        003FD7
LCD_Char@dat                  cstackCOMRAM 000009
LCD_Command@cmd               cstackCOMRAM 000009
LCD_String@msg                cstackCOMRAM 00000A
LCD_String_xy@location        cstackCOMRAM 000010
LCD_String_xy@msg             cstackCOMRAM 00000D
LCD_String_xy@pos             cstackCOMRAM 00000C
LCD_String_xy@row             cstackCOMRAM 00000F
MSdelay@i                     cstackCOMRAM 000005
MSdelay@j                     cstackCOMRAM 000007
MSdelay@val                   cstackCOMRAM 000003
PWM2_LoadDutyValue@dutyValue  cstackCOMRAM 000003
PWM@F16999                    dataBANK0    0000BB
PWM@checkdutyCycle            cstackBANK0  0000B7
PWM@dcVal                     cstackBANK0  0000A1
PWM@index                     cstackBANK0  0000B9
PWM@percent                   cstackBANK0  000092
PWM@pwmStatus                 cstackBANK0  0000B5
_ADACQH                       (abs)        003EF4
_ADACQL                       (abs)        003EF3
_ADCAP                        (abs)        003EF5
_ADCLK                        (abs)        003EFF
_ADCON0bits                   (abs)        003EF8
_ADPCH                        (abs)        003EF1
_ADPREH                       (abs)        003EF7
_ADPREL                       (abs)        003EF6
_ADREF                        (abs)        003EFD
_ADRESH                       (abs)        003EF0
_ADRESL                       (abs)        003EEF
_ANSELAbits                   (abs)        003A40
_ANSELB                       (abs)        003A50
_ANSELC                       (abs)        003A60
_ANSELD                       (abs)        003A70
_ANSELE                       (abs)        003A80
_CCP2CON                      (abs)        003F7A
_CCP2CONbits                  (abs)        003F7A
_CCPR2H                       (abs)        003F79
_CCPR2L                       (abs)        003F78
_CCPTMRS0bits                 (abs)        003F5E
_INTCON0bits                  (abs)        003FD2
_IOCCFbits                    (abs)        003A67
_IOCCPbits                    (abs)        003A65
_ISR                          text45       004844
_Initialize                   text44       00496C
_LATC3                        (abs)        01FDE3
_LATC4                        (abs)        01FDE4
_LATC5                        (abs)        01FDE5
_LATD                         (abs)        003FBD
_LCD_Char                     text39       004BC2
_LCD_Clear                    text40       004C50
_LCD_Command                  text42       004B9C
_LCD_Init                     text41       004B72
_LCD_String                   text38       0045FC
_LCD_String_xy                text37       004A36
_MSdelay                      text43       004896
_OSCFRQ                       (abs)        0039DF
_OSCSTATbits                  (abs)        0039DC
_PIE0bits                     (abs)        003990
_PIR4bits                     (abs)        0039A4
_PORTB                        (abs)        003FCB
_PORTBbits                    (abs)        003FCB
_PORTEbits                    (abs)        003FCE
_PPSLOCK                      (abs)        003ABF
_PPSLOCKbits                  (abs)        003ABF
_PR2                          (abs)        003FAB
_PWM                          text1        003B4A
_PWM2_Initialize              text36       004C12
_PWM2_LoadDutyValue           text35       004B18
_PWM2_OutputStatusGet         text34       004C3C
_PWM_Output_D8_Enable         text33       004BE0
_RB3PPS                       (abs)        003A0B
_T2CLKCON                     (abs)        003FAE
_T2CON                        (abs)        003FAC
_T2CONbits                    (abs)        003FAC
_T2HLT                        (abs)        003FAD
_T2PR                         (abs)        003FAB
_T2RST                        (abs)        003FAF
_T2TMR                        (abs)        003FAA
_TMR2                         (abs)        003FAA
_TMR2_Initialize              text32       004BFC
_TMR2_Start                   text31       004C5E
_TMR2_StartTimer              text30       004C58
_TRISAbits                    (abs)        003FC2
_TRISB                        (abs)        003FC3
_TRISBbits                    (abs)        003FC3
_TRISC                        (abs)        003FC4
_TRISD                        (abs)        003FC5
_TRISE                        (abs)        003FC6
_WPUCbits                     (abs)        003A61
__HRAM                        (abs)        000000
__H__absolute__               __absolute__ 000000
__Habs1                       abs1         000000
__Hbank0                      bank0        000000
__Hbank1                      bank1        000000
__Hbank10                     bank10       000000
__Hbank11                     bank11       000000
__Hbank12                     bank12       000000
__Hbank13                     bank13       000000
__Hbank14                     bank14       000000
__Hbank15                     bank15       000000
__Hbank16                     bank16       000000
__Hbank17                     bank17       000000
__Hbank18                     bank18       000000
__Hbank19                     bank19       000000
__Hbank2                      bank2        000000
__Hbank20                     bank20       000000
__Hbank21                     bank21       000000
__Hbank22                     bank22       000000
__Hbank23                     bank23       000000
__Hbank24                     bank24       000000
__Hbank25                     bank25       000000
__Hbank26                     bank26       000000
__Hbank27                     bank27       000000
__Hbank28                     bank28       000000
__Hbank29                     bank29       000000
__Hbank3                      bank3        000000
__Hbank30                     bank30       000000
__Hbank31                     bank31       000000
__Hbank4                      bank4        000000
__Hbank5                      bank5        000000
__Hbank6                      bank6        000000
__Hbank7                      bank7        000000
__Hbank8                      bank8        000000
__Hbank9                      bank9        000000
__Hbigbss                     bigbss       000000
__Hbigdata                    bigdata      000000
__Hbigram                     bigram       000000
__Hbigsfr                     bigsfr       000000
__Hbss                        bss          000000
__HbssBANK0                   bssBANK0     000000
__HbssBANK1                   bssBANK1     000000
__HbssCOMRAM                  bssCOMRAM    000000
__Hcinit                      cinit        000000
__Hclrtext                    clrtext      000000
__Hcomram                     comram       000000
__Hconfig                     config       30000A
__Hconst                      const        000000
__HcstackBANK0                cstackBANK0  000000
__HcstackCOMRAM               cstackCOMRAM 000000
__Hdata                       data         000000
__HdataBANK0                  dataBANK0    000000
__Heeprom_data                eeprom_data  000000
__Hfarbss                     farbss       000000
__Hfardata                    fardata      000000
__Hheap                       heap         000000
__Hibigdata                   ibigdata     000000
__Hidata                      idata        000000
__HidataBANK0                 idataBANK0   000000
__Hidloc                      idloc        000000
__Hifardata                   ifardata     000000
__Hinit                       init         0000B2
__Hintsave_regs               intsave_regs 000000
__Hirdata                     irdata       000000
__Hivt0x8                     ivt0x8       0000AE
__Hmediumconst                mediumconst  000000
__HnvFARRAM                   nvFARRAM     000000
__Hnvbit                      nvbit        000000
__Hnvrram                     nvrram       000000
__Hparam                      rparam       000000
__Hpowerup                    powerup      000000
__Hram                        ram          000000
__Hramtop                     ramtop       002000
__Hrbit                       rbit         000000
__Hrbss                       rbss         000000
__Hrdata                      rdata        000000
__Hreset_vec                  reset_vec    000004
__Hrparam                     rparam       000000
__Hsfr                        sfr          000000
__Hsmallconst                 smallconst   00202A
__Hspace_0                    (abs)        004C64
__Hspace_1                    (abs)        000150
__Hspace_2                    (abs)        000000
__Hspace_4                    (abs)        60000A
__Hstack                      stack        000000
__Hstruct                     struct       000000
__Htemp                       temp         000000
__Htext                       text         000000
__Htext0                      text0        000000
__Htext1                      text1        000000
__Htext10                     text10       000000
__Htext11                     text11       000000
__Htext12                     text12       000000
__Htext13                     text13       000000
__Htext14                     text14       000000
__Htext15                     text15       000000
__Htext16                     text16       000000
__Htext17                     text17       000000
__Htext18                     text18       000000
__Htext19                     text19       000000
__Htext2                      text2        000000
__Htext20                     text20       000000
__Htext21                     text21       000000
__Htext22                     text22       000000
__Htext23                     text23       000000
__Htext24                     text24       000000
__Htext25                     text25       000000
__Htext26                     text26       000000
__Htext27                     text27       000000
__Htext28                     text28       000000
__Htext29                     text29       000000
__Htext3                      text3        000000
__Htext30                     text30       000000
__Htext31                     text31       000000
__Htext32                     text32       000000
__Htext33                     text33       000000
__Htext34                     text34       000000
__Htext35                     text35       000000
__Htext36                     text36       000000
__Htext37                     text37       000000
__Htext38                     text38       000000
__Htext39                     text39       000000
__Htext4                      text4        000000
__Htext40                     text40       000000
__Htext41                     text41       000000
__Htext42                     text42       000000
__Htext43                     text43       000000
__Htext44                     text44       000000
__Htext45                     text45       000000
__Htext5                      text5        000000
__Htext6                      text6        000000
__Htext7                      text7        000000
__Htext8                      text8        000000
__Htext9                      text9        000000
__LRAM                        (abs)        000001
__L__absolute__               __absolute__ 000000
__Labs1                       abs1         000000
__Lbank0                      bank0        000000
__Lbank1                      bank1        000000
__Lbank10                     bank10       000000
__Lbank11                     bank11       000000
__Lbank12                     bank12       000000
__Lbank13                     bank13       000000
__Lbank14                     bank14       000000
__Lbank15                     bank15       000000
__Lbank16                     bank16       000000
__Lbank17                     bank17       000000
__Lbank18                     bank18       000000
__Lbank19                     bank19       000000
__Lbank2                      bank2        000000
__Lbank20                     bank20       000000
__Lbank21                     bank21       000000
__Lbank22                     bank22       000000
__Lbank23                     bank23       000000
__Lbank24                     bank24       000000
__Lbank25                     bank25       000000
__Lbank26                     bank26       000000
__Lbank27                     bank27       000000
__Lbank28                     bank28       000000
__Lbank29                     bank29       000000
__Lbank3                      bank3        000000
__Lbank30                     bank30       000000
__Lbank31                     bank31       000000
__Lbank4                      bank4        000000
__Lbank5                      bank5        000000
__Lbank6                      bank6        000000
__Lbank7                      bank7        000000
__Lbank8                      bank8        000000
__Lbank9                      bank9        000000
__Lbigbss                     bigbss       000000
__Lbigdata                    bigdata      000000
__Lbigram                     bigram       000000
__Lbigsfr                     bigsfr       000000
__Lbss                        bss          000000
__LbssBANK0                   bssBANK0     000000
__LbssBANK1                   bssBANK1     000000
__LbssCOMRAM                  bssCOMRAM    000000
__Lcinit                      cinit        000000
__Lclrtext                    clrtext      000000
__Lcomram                     comram       000000
__Lconfig                     config       000000
__Lconst                      const        000000
__LcstackBANK0                cstackBANK0  000000
__LcstackCOMRAM               cstackCOMRAM 000000
__Ldata                       data         000000
__LdataBANK0                  dataBANK0    000000
__Leeprom_data                eeprom_data  000000
__Lfarbss                     farbss       000000
__Lfardata                    fardata      000000
__Lheap                       heap         000000
__Libigdata                   ibigdata     000000
__Lidata                      idata        000000
__LidataBANK0                 idataBANK0   000000
__Lidloc                      idloc        000000
__Lifardata                   ifardata     000000
__Linit                       init         0000AE
__Lintsave_regs               intsave_regs 000000
__Lirdata                     irdata       000000
__Livt0x8                     ivt0x8       000008
__Lmediumconst                mediumconst  000000
__LnvFARRAM                   nvFARRAM     000000
__Lnvbit                      nvbit        000000
__Lnvrram                     nvrram       000000
__Lparam                      rparam       000000
__Lpowerup                    powerup      000000
__Lram                        ram          000000
__Lramtop                     ramtop       002000
__Lrbit                       rbit         000000
__Lrbss                       rbss         000000
__Lrdata                      rdata        000000
__Lreset_vec                  reset_vec    000000
__Lrparam                     rparam       000000
__Lsfr                        sfr          000000
__Lsmallconst                 smallconst   002000
__Lspace_0                    (abs)        000000
__Lspace_1                    (abs)        000000
__Lspace_2                    (abs)        000000
__Lspace_4                    (abs)        000000
__Lstack                      stack        000000
__Lstruct                     struct       000000
__Ltemp                       temp         000000
__Ltext                       text         000000
__Ltext0                      text0        000000
__Ltext1                      text1        000000
__Ltext10                     text10       000000
__Ltext11                     text11       000000
__Ltext12                     text12       000000
__Ltext13                     text13       000000
__Ltext14                     text14       000000
__Ltext15                     text15       000000
__Ltext16                     text16       000000
__Ltext17                     text17       000000
__Ltext18                     text18       000000
__Ltext19                     text19       000000
__Ltext2                      text2        000000
__Ltext20                     text20       000000
__Ltext21                     text21       000000
__Ltext22                     text22       000000
__Ltext23                     text23       000000
__Ltext24                     text24       000000
__Ltext25                     text25       000000
__Ltext26                     text26       000000
__Ltext27                     text27       000000
__Ltext28                     text28       000000
__Ltext29                     text29       000000
__Ltext3                      text3        000000
__Ltext30                     text30       000000
__Ltext31                     text31       000000
__Ltext32                     text32       000000
__Ltext33                     text33       000000
__Ltext34                     text34       000000
__Ltext35                     text35       000000
__Ltext36                     text36       000000
__Ltext37                     text37       000000
__Ltext38                     text38       000000
__Ltext39                     text39       000000
__Ltext4                      text4        000000
__Ltext40                     text40       000000
__Ltext41                     text41       000000
__Ltext42                     text42       000000
__Ltext43                     text43       000000
__Ltext44                     text44       000000
__Ltext45                     text45       000000
__Ltext5                      text5        000000
__Ltext6                      text6        000000
__Ltext7                      text7        000000
__Ltext8                      text8        000000
__Ltext9                      text9        000000
__S0                          (abs)        004C64
__S1                          (abs)        000150
__S4                          (abs)        000000
__S5                          (abs)        000000
___awdiv                      text27       0041DA
___awdiv@counter              cstackCOMRAM 000007
___awdiv@dividend             cstackCOMRAM 000003
___awdiv@divisor              cstackCOMRAM 000005
___awdiv@quotient             cstackCOMRAM 000009
___awdiv@sign                 cstackCOMRAM 000008
___awmod                      text26       004354
___awmod@counter              cstackCOMRAM 000007
___awmod@dividend             cstackCOMRAM 000003
___awmod@divisor              cstackCOMRAM 000005
___awmod@sign                 cstackCOMRAM 000008
___fladd                      text14       002A10
___fladd@a                    cstackCOMRAM 000007
___fladd@aexp                 cstackCOMRAM 000010
___fladd@b                    cstackCOMRAM 000003
___fladd@bexp                 cstackCOMRAM 000011
___fladd@grs                  cstackCOMRAM 000012
___fladd@signs                cstackCOMRAM 00000F
___fldiv                      text19       003310
___fldiv@a                    cstackCOMRAM 000007
___fldiv@aexp                 cstackCOMRAM 00001B
___fldiv@b                    cstackCOMRAM 000003
___fldiv@bexp                 cstackCOMRAM 00001A
___fldiv@grs                  cstackCOMRAM 000016
___fldiv@new_exp              cstackCOMRAM 000014
___fldiv@rem                  cstackCOMRAM 00000F
___fldiv@sign                 cstackCOMRAM 000013
___fleq                       text18       0044AE
___fleq@ff1                   cstackCOMRAM 000003
___fleq@ff2                   cstackCOMRAM 000007
___flge                       text17       003FD8
___flge@ff1                   cstackCOMRAM 00001C
___flge@ff2                   cstackCOMRAM 000020
___flmul                      text16       002EC6
___flmul@a                    cstackCOMRAM 000007
___flmul@aexp                 cstackCOMRAM 000014
___flmul@b                    cstackCOMRAM 000003
___flmul@bexp                 cstackCOMRAM 000015
___flmul@grs                  cstackCOMRAM 000010
___flmul@prod                 cstackCOMRAM 000016
___flmul@sign                 cstackCOMRAM 00000F
___flmul@temp                 cstackCOMRAM 00001A
___flneg                      text15       004A76
___flneg@f1                   cstackCOMRAM 000003
___flsub                      text13       004926
___flsub@a                    cstackCOMRAM 000020
___flsub@b                    cstackCOMRAM 00001C
___fltol                      text12       003ED2
___fltol@exp1                 cstackCOMRAM 00000C
___fltol@f1                   cstackCOMRAM 000003
___fltol@sign1                cstackCOMRAM 00000B
___fpclassifyf                text11       0040DC
___fpclassifyf@F465           bssCOMRAM    000058
___fpclassifyf@e              cstackCOMRAM 00000B
___fpclassifyf@u              cstackCOMRAM 00000D
___fpclassifyf@x              cstackCOMRAM 000003
___heap_hi                    (abs)        000000
___heap_lo                    (abs)        000000
___inthi_sp                   stack        000000
___inthi_stack_hi             stack        000000
___inthi_stack_lo             stack        000000
___intlo_sp                   stack        000000
___intlo_stack_hi             stack        000000
___intlo_stack_lo             stack        000000
___lldiv                      text29       004558
___lldiv@counter              cstackCOMRAM 00001B
___lldiv@dividend             cstackCOMRAM 00000F
___lldiv@divisor              cstackCOMRAM 000013
___lldiv@quotient             cstackCOMRAM 000017
___lmul                       text28       00466E
___lmul@multiplicand          cstackCOMRAM 000007
___lmul@multiplier            cstackCOMRAM 000003
___lmul@product               cstackCOMRAM 00000B
___param_bank                 (abs)        000000
___rparam_used                (abs)        000001
___sp                         stack        000000
___stack_hi                   stack        000000
___stack_lo                   stack        000000
__accesstop                   (abs)        000060
__activetblptr                (abs)        000003
__end_of_ISR                  text45       004896
__end_of_Initialize           text44       0049B2
__end_of_LCD_Char             text39       004BE0
__end_of_LCD_Clear            text40       004C58
__end_of_LCD_Command          text42       004BC2
__end_of_LCD_Init             text41       004B9C
__end_of_LCD_String           text38       00466E
__end_of_LCD_String_xy        text37       004A76
__end_of_MSdelay              text43       0048E0
__end_of_PWM                  text1        003D58
__end_of_PWM2_Initialize      text36       004C28
__end_of_PWM2_LoadDutyValue   text35       004B48
__end_of_PWM2_OutputStatusGet text34       004C50
__end_of_PWM_Output_D8_Enable text33       004BFC
__end_of_TMR2_Initialize      text32       004C12
__end_of_TMR2_Start           text31       004C62
__end_of_TMR2_StartTimer      text30       004C5E
__end_of___awdiv              text27       00429C
__end_of___awmod              text26       004402
__end_of___fladd              text14       002EC6
__end_of___fldiv              text19       0036A0
__end_of___fleq               text18       004558
__end_of___flge               text17       0040DC
__end_of___flmul              text16       003310
__end_of___flneg              text15       004AAE
__end_of___flsub              text13       00496C
__end_of___fltol              text12       003FD8
__end_of___fpclassifyf        text11       0041DA
__end_of___lldiv              text29       0045FC
__end_of___lmul               text28       0046D8
__end_of__initialization      cinit        0047E8
__end_of_abs                  text25       004B18
__end_of_dtoa                 text20       003ED2
__end_of_efgtoa               text6        002A10
__end_of_floorf               text10       003B4A
__end_of_fputc                text23       0044AE
__end_of_fputs                text22       004A36
__end_of_labs                 text9        004844
__end_of_main                 text0        004B72
__end_of_memcpy               text8        004798
__end_of_pad                  text21       00473E
__end_of_putch                text24       004C64
__end_of_read_prec_or_width   text5        004354
__end_of_sprintf              text2        004AE4
__end_of_strcpy               text7        004926
__end_of_vfpfcnvrt            text4        003938
__end_of_vfprintf             text3        0049F6
__initialization              cinit        004798
__mediumconst                 smallconst   002000
__pbssBANK0                   bssBANK0     0000CF
__pbssBANK1                   bssBANK1     000100
__pbssCOMRAM                  bssCOMRAM    000054
__pcinit                      cinit        004798
__pcstackBANK0                cstackBANK0  000060
__pcstackCOMRAM               cstackCOMRAM 000001
__pdataBANK0                  dataBANK0    0000BB
__pidataBANK0                 idataBANK0   004C28
__pivt0x8                     ivt0x8       000008
__psmallconst                 smallconst   002000
__ptext0                      text0        004B48
__ptext1                      text1        003B4A
__ptext10                     text10       003938
__ptext11                     text11       0040DC
__ptext12                     text12       003ED2
__ptext13                     text13       004926
__ptext14                     text14       002A10
__ptext15                     text15       004A76
__ptext16                     text16       002EC6
__ptext17                     text17       003FD8
__ptext18                     text18       0044AE
__ptext19                     text19       003310
__ptext2                      text2        004AAE
__ptext20                     text20       003D58
__ptext21                     text21       0046D8
__ptext22                     text22       0049F6
__ptext23                     text23       004402
__ptext24                     text24       004C62
__ptext25                     text25       004AE4
__ptext26                     text26       004354
__ptext27                     text27       0041DA
__ptext28                     text28       00466E
__ptext29                     text29       004558
__ptext3                      text3        0049B2
__ptext30                     text30       004C58
__ptext31                     text31       004C5E
__ptext32                     text32       004BFC
__ptext33                     text33       004BE0
__ptext34                     text34       004C3C
__ptext35                     text35       004B18
__ptext36                     text36       004C12
__ptext37                     text37       004A36
__ptext38                     text38       0045FC
__ptext39                     text39       004BC2
__ptext4                      text4        0036A0
__ptext40                     text40       004C50
__ptext41                     text41       004B72
__ptext42                     text42       004B9C
__ptext43                     text43       004896
__ptext44                     text44       00496C
__ptext45                     text45       004844
__ptext5                      text5        00429C
__ptext6                      text6        00202A
__ptext7                      text7        0048E0
__ptext8                      text8        00473E
__ptext9                      text9        0047EE
__ramtop                      ramtop       002000
__smallconst                  smallconst   002000
_abs                          text25       004AE4
_dbuf                         bssBANK1     000100
_dtoa                         text20       003D58
_dtoa$1302                    cstackCOMRAM 00001C
_efgtoa                       text6        00202A
_efgtoa$1333                  cstackBANK0  000066
_flags                        bssCOMRAM    00005C
_floorf                       text10       003938
_fputc                        text23       004402
_fputs                        text22       0049F6
_labs                         text9        0047EE
_main                         text0        004B48
_memcpy                       text8        00473E
_pad                          text21       0046D8
_prec                         bssBANK0     0000D1
_putch                        text24       004C62
_read_prec_or_width           text5        00429C
_sprintf                      text2        004AAE
_strcpy                       text7        0048E0
_vfpfcnvrt                    text4        0036A0
_vfprintf                     text3        0049B2
_width                        bssBANK0     0000CF
abs@a                         cstackCOMRAM 000009
dtoa@d                        cstackCOMRAM 00001A
dtoa@fp                       cstackCOMRAM 000019
dtoa@i                        cstackCOMRAM 000023
dtoa@p                        cstackCOMRAM 000020
dtoa@s                        cstackCOMRAM 000022
dtoa@w                        cstackCOMRAM 00001E
efgtoa@c                      cstackCOMRAM 000035
efgtoa@d                      cstackBANK0  00006B
efgtoa@e                      cstackBANK0  00006F
efgtoa@f                      cstackCOMRAM 000031
efgtoa@fp                     cstackCOMRAM 000030
efgtoa@g                      cstackBANK0  000084
efgtoa@h                      cstackBANK0  000079
efgtoa@i                      cstackBANK0  000077
efgtoa@l                      cstackBANK0  00007D
efgtoa@m                      cstackBANK0  00006D
efgtoa@mode                   cstackBANK0  000069
efgtoa@n                      cstackBANK0  000082
efgtoa@ne                     cstackBANK0  000060
efgtoa@nmode                  cstackBANK0  00006A
efgtoa@ou                     cstackBANK0  000073
efgtoa@p                      cstackBANK0  000062
efgtoa@pp                     cstackBANK0  000068
efgtoa@sign                   cstackBANK0  000081
efgtoa@t                      cstackBANK0  000064
efgtoa@u                      cstackBANK0  000088
efgtoa@w                      cstackBANK0  000071
end_of_initialization         cinit        0047E8
floorf@F521                   bssCOMRAM    000054
floorf@e                      cstackCOMRAM 00002A
floorf@m                      cstackCOMRAM 000026
floorf@u                      cstackCOMRAM 00002C
floorf@x                      cstackCOMRAM 00001C
fputc@c                       cstackCOMRAM 000003
fputc@fp                      cstackCOMRAM 000005
fputs@c                       cstackCOMRAM 00000E
fputs@fp                      cstackCOMRAM 00000D
fputs@i                       cstackCOMRAM 00000F
fputs@s                       cstackCOMRAM 00000B
intlevel0                     text         000000
intlevel1                     text         000000
intlevel2                     text         000000
intlevel3                     text         000000
isa$std                       (abs)        000001
isa$xinst                     (abs)        000000
ivt0x8_base                   ivt0x8       000008
ivt0x8_undefint               ivt0x8       0000AC
labs@a                        cstackCOMRAM 000003
memcpy@d                      cstackCOMRAM 000009
memcpy@d1                     cstackCOMRAM 000003
memcpy@n                      cstackCOMRAM 000007
memcpy@s                      cstackCOMRAM 00000B
memcpy@s1                     cstackCOMRAM 000005
memcpy@tmp                    cstackCOMRAM 00000D
pad@buf                       cstackCOMRAM 000012
pad@fp                        cstackCOMRAM 000011
pad@i                         cstackCOMRAM 000017
pad@p                         cstackCOMRAM 000014
read_prec_or_width@ap         cstackCOMRAM 000004
read_prec_or_width@c          cstackCOMRAM 000007
read_prec_or_width@fmt        cstackCOMRAM 000003
read_prec_or_width@n          cstackCOMRAM 000008
sprintf@ap                    cstackCOMRAM 000046
sprintf@f                     cstackCOMRAM 000047
sprintf@fmt                   cstackBANK0  00008D
sprintf@s                     cstackBANK0  00008C
stackhi                       (abs)        000000
stacklo                       (abs)        000000
start                         init         0000AE
start_initialization          cinit        004798
strcpy@d                      cstackCOMRAM 000007
strcpy@dest                   cstackCOMRAM 000003
strcpy@src                    cstackCOMRAM 000005
vfpfcnvrt@ap                  cstackCOMRAM 00003A
vfpfcnvrt@c                   cstackCOMRAM 000040
vfpfcnvrt@convarg             cstackCOMRAM 00003C
vfpfcnvrt@cp                  cstackCOMRAM 000041
vfpfcnvrt@fmt                 cstackCOMRAM 000039
vfpfcnvrt@fp                  cstackCOMRAM 000038
vfprintf@ap                   cstackCOMRAM 000044
vfprintf@cfmt                 cstackCOMRAM 000045
vfprintf@fmt                  cstackCOMRAM 000043
vfprintf@fp                   cstackCOMRAM 000042


MODULE INFORMATION

Module		Function		Class		Link	Load	Size
C:\Program Files\Microchip\xc8\v3.00\pic\sources\c99\common\flge.c
		___flge        		CODE           	3FD8	0000	260

C:\Program Files\Microchip\xc8\v3.00\pic\sources\c99\common\flge.c estimated size: 260

C:\Program Files\Microchip\xc8\v3.00\pic\sources\c99\common\abs.c
		_abs           		CODE           	4AE4	0000	52

C:\Program Files\Microchip\xc8\v3.00\pic\sources\c99\common\abs.c estimated size: 52

C:\Program Files\Microchip\xc8\v3.00\pic\sources\c99\common\nf_fputc.c
		_fputc         		CODE           	4402	0000	172

C:\Program Files\Microchip\xc8\v3.00\pic\sources\c99\common\nf_fputc.c estimated size: 172

./PWM.h
		_PWM2_Initialize		CODE           	4C12	0000	22
		_TMR2_Initialize		CODE           	4BFC	0000	22
		_TMR2_Start    		CODE           	4C5E	0000	4
		_PWM_Output_D8_Enable		CODE           	4BE0	0000	28
		_PWM2_OutputStatusGet		CODE           	4C3C	0000	20
		_TMR2_StartTimer		CODE           	4C58	0000	6
		_PWM2_LoadDutyValue		CODE           	4B18	0000	48

./PWM.h estimated size: 150

./init.h
		_ISR           		CODE           	4844	0000	82
		_Initialize    		CODE           	496C	0000	70

./init.h estimated size: 152

C:\Program Files\Microchip\xc8\v3.00\pic\sources\c99\common\memcpy.c
		_memcpy        		CODE           	473E	0000	90

C:\Program Files\Microchip\xc8\v3.00\pic\sources\c99\common\memcpy.c estimated size: 90

C:\Program Files\Microchip\xc8\v3.00\pic\sources\c99\common\flneg.c
		___flneg       		CODE           	4A76	0000	56

C:\Program Files\Microchip\xc8\v3.00\pic\sources\c99\common\flneg.c estimated size: 56

C:\Program Files\Microchip\xc8\v3.00\pic\sources\c99\common\__fpclassifyf.c
		___fpclassifyf 		CODE           	40DC	0000	254

C:\Program Files\Microchip\xc8\v3.00\pic\sources\c99\common\__fpclassifyf.c estimated size: 254

C:\Program Files\Microchip\xc8\v3.00\pic\sources\c99\common\nf_sprintf.c
		_sprintf       		CODE           	4AAE	0000	54

C:\Program Files\Microchip\xc8\v3.00\pic\sources\c99\common\nf_sprintf.c estimated size: 54

C:\Program Files\Microchip\xc8\v3.00\pic\sources\c99\common\awmod.c
		___awmod       		CODE           	4354	0000	174

C:\Program Files\Microchip\xc8\v3.00\pic\sources\c99\common\awmod.c estimated size: 174

./LCD.h
		_LCD_String    		CODE           	45FC	0000	114
		_LCD_Init      		CODE           	4B72	0000	42
		_LCD_Command   		CODE           	4B9C	0000	38
		_LCD_String_xy 		CODE           	4A36	0000	64
		_LCD_Char      		CODE           	4BC2	0000	30
		_LCD_Clear     		CODE           	4C50	0000	8
		_MSdelay       		CODE           	4896	0000	74

./LCD.h estimated size: 370

C:\Program Files\Microchip\xc8\v3.00\pic\sources\c99\common\floorf.c
		_floorf        		CODE           	3938	0000	530

C:\Program Files\Microchip\xc8\v3.00\pic\sources\c99\common\floorf.c estimated size: 530

C:\Program Files\Microchip\xc8\v3.00\pic\sources\c99\common\putch.c
		_putch         		CODE           	4C62	0000	2

C:\Program Files\Microchip\xc8\v3.00\pic\sources\c99\common\putch.c estimated size: 2

C:\Program Files\Microchip\xc8\v3.00\pic\sources\c99\common\fleq.c
		___fleq        		CODE           	44AE	0000	170

C:\Program Files\Microchip\xc8\v3.00\pic\sources\c99\common\fleq.c estimated size: 170

C:\Program Files\Microchip\xc8\v3.00\pic\sources\c99\common\sprcmul.c
		___flmul       		CODE           	2EC6	0000	1098

C:\Program Files\Microchip\xc8\v3.00\pic\sources\c99\common\sprcmul.c estimated size: 1098

C:\Program Files\Microchip\xc8\v3.00\pic\sources\c99\common\Umul32.c
		___lmul        		CODE           	466E	0000	106

C:\Program Files\Microchip\xc8\v3.00\pic\sources\c99\common\Umul32.c estimated size: 106

C:\Program Files\Microchip\xc8\v3.00\pic\sources\c99\common\__lldiv.c
		___lldiv       		CODE           	4558	0000	164

C:\Program Files\Microchip\xc8\v3.00\pic\sources\c99\common\__lldiv.c estimated size: 164

C:\Program Files\Microchip\xc8\v3.00\pic\sources\c99\common\sprcdiv.c
		___fldiv       		CODE           	3310	0000	912

C:\Program Files\Microchip\xc8\v3.00\pic\sources\c99\common\sprcdiv.c estimated size: 912

shared
		__initialization		CODE           	4798	0000	80

shared estimated size: 80

C:\Program Files\Microchip\xc8\v3.00\pic\sources\c99\common\nf_fputs.c
		_fputs         		CODE           	49F6	0000	64

C:\Program Files\Microchip\xc8\v3.00\pic\sources\c99\common\nf_fputs.c estimated size: 64

C:\Program Files\Microchip\xc8\v3.00\pic\sources\c99\common\strcpy.c
		_strcpy        		CODE           	48E0	0000	70

C:\Program Files\Microchip\xc8\v3.00\pic\sources\c99\common\strcpy.c estimated size: 70

C:\Program Files\Microchip\xc8\v3.00\pic\sources\c99\common\awdiv.c
		___awdiv       		CODE           	41DA	0000	194

C:\Program Files\Microchip\xc8\v3.00\pic\sources\c99\common\awdiv.c estimated size: 194

C:\Program Files\Microchip\xc8\v3.00\pic\sources\c99\common\fltol.c
		___fltol       		CODE           	3ED2	0000	262

C:\Program Files\Microchip\xc8\v3.00\pic\sources\c99\common\fltol.c estimated size: 262

C:\Program Files\Microchip\xc8\v3.00\pic\sources\c99\common\labs.c
		_labs          		CODE           	47EE	0000	86

C:\Program Files\Microchip\xc8\v3.00\pic\sources\c99\common\labs.c estimated size: 86

main.c
		_PWM           		CODE           	3B4A	0000	526
		_main          		CODE           	4B48	0000	42

main.c estimated size: 568

C:\Program Files\Microchip\xc8\v3.00\pic\sources\c99\common\doprnt.c
		_read_prec_or_width		CODE           	429C	0000	184
		_vfpfcnvrt     		CODE           	36A0	0000	664
		_efgtoa        		CODE           	202A	0000	2534
		_pad           		CODE           	46D8	0000	102
		_dtoa          		CODE           	3D58	0000	378
		_vfprintf      		CODE           	49B2	0000	68

C:\Program Files\Microchip\xc8\v3.00\pic\sources\c99\common\doprnt.c estimated size: 3930

C:\Program Files\Microchip\xc8\v3.00\pic\sources\c99\common\sprcadd.c
		___flsub       		CODE           	4926	0000	70
		___fladd       		CODE           	2A10	0000	1206

C:\Program Files\Microchip\xc8\v3.00\pic\sources\c99\common\sprcadd.c estimated size: 1276

